<html>
<body>
<pre>
<h1>µVision Build Log</h1>
<h2>Tool Versions:</h2>
IDE-Version: ¦ÌVision V5.36.0.0
Copyright (C) 2021 ARM Ltd and ARM Germany GmbH. All rights reserved.
License Information: wang chao, 01, LIC=ZB4EI-TY21T-TG27T-RA0TI-QK6DE-WNBH0
 
Tool Versions:
Toolchain:       MDK-ARM Plus  Version: 5.36.0.0
Toolchain Path:  D:\MDK536\ARM\ARMCC\Bin
C Compiler:      Armcc.exe V5.06 update 7 (build 960)
Assembler:       Armasm.exe V5.06 update 7 (build 960)
Linker/Locator:  ArmLink.exe V5.06 update 7 (build 960)
Library Manager: ArmAr.exe V5.06 update 7 (build 960)
Hex Converter:   FromElf.exe V5.06 update 7 (build 960)
CPU DLL:         SARMCM3.DLL V5.36.0.0
Dialog DLL:      DARMSTM.DLL V1.68.0.0
Target DLL:      UL2CM3.DLL V1.164.0.0
Dialog DLL:      TARMSTM.DLL V1.66.0.0
 
<h2>Project:</h2>
C:\Users\wangc\Downloads\STM32MC-KIT_v2.0\stm32 foc firwmare libraries v2.0\STM32_FOC_PMSM\RVMDK\STM32_FOC_PMSM.uvproj
Project File Date:  <unknown>

<h2>Output:</h2>
*** Using Compiler 'V5.06 update 7 (build 960)', folder: 'D:\MDK536\ARM\ARMCC\Bin'
Build target 'BOOT_FLASH'
Clean started - Project: 'STM32_FOC_PMSM'
   deleting intermediate output files for target 'BOOT_FLASH'
assembling stm32f10x_vector.s...
assembling cortexm3_macro.s...
compiling stm32f10x_it.c...
..\inc\MC_const.h(58): warning:  #2775-D: white space is required between the macro name "SIN_COS_TABLE" and its replacement text
  #define SIN_COS_TABLE{\
..\stm32f10x_it.c: 1 warning, 0 errors
compiling main.c...
..\inc\MC_const.h(58): warning:  #2775-D: white space is required between the macro name "SIN_COS_TABLE" and its replacement text
  #define SIN_COS_TABLE{\
..\src\main.c: 1 warning, 0 errors
compiling MC_Clarke_Park.c...
..\inc\MC_const.h(58): warning:  #2775-D: white space is required between the macro name "SIN_COS_TABLE" and its replacement text
  #define SIN_COS_TABLE{\
..\src\MC_Clarke_Park.c: 1 warning, 0 errors
compiling MC_FOC_Drive.c...
..\inc\MC_const.h(58): warning:  #2775-D: white space is required between the macro name "SIN_COS_TABLE" and its replacement text
  #define SIN_COS_TABLE{\
..\src\MC_FOC_Drive.c: 1 warning, 0 errors
compiling MC_MotorControl_Layer.c...
..\inc\MC_const.h(58): warning:  #2775-D: white space is required between the macro name "SIN_COS_TABLE" and its replacement text
  #define SIN_COS_TABLE{\
..\src\MC_MotorControl_Layer.c: 1 warning, 0 errors
compiling MC_Globals.c...
..\inc\MC_const.h(58): warning:  #2775-D: white space is required between the macro name "SIN_COS_TABLE" and its replacement text
  #define SIN_COS_TABLE{\
..\src\MC_Globals.c: 1 warning, 0 errors
compiling MC_PID_regulators.c...
..\inc\MC_const.h(58): warning:  #2775-D: white space is required between the macro name "SIN_COS_TABLE" and its replacement text
  #define SIN_COS_TABLE{\
..\src\MC_PID_regulators.c: 1 warning, 0 errors
compiling MC_State_Observer_Interface.c...
..\inc\MC_const.h(58): warning:  #2775-D: white space is required between the macro name "SIN_COS_TABLE" and its replacement text
  #define SIN_COS_TABLE{\
..\src\MC_State_Observer_Interface.c: 1 warning, 0 errors
compiling MC_Keys.c...
..\inc\MC_const.h(58): warning:  #2775-D: white space is required between the macro name "SIN_COS_TABLE" and its replacement text
  #define SIN_COS_TABLE{\
..\src\MC_Keys.c: 1 warning, 0 errors
compiling MC_Display.c...
..\inc\MC_const.h(58): warning:  #2775-D: white space is required between the macro name "SIN_COS_TABLE" and its replacement text
  #define SIN_COS_TABLE{\
..\src\MC_Display.c: 1 warning, 0 errors
compiling stm32f10x_encoder.c...
..\inc\MC_const.h(58): warning:  #2775-D: white space is required between the macro name "SIN_COS_TABLE" and its replacement text
  #define SIN_COS_TABLE{\
..\src\stm32f10x_encoder.c: 1 warning, 0 errors
compiling stm32f10x_hall.c...
..\inc\MC_const.h(58): warning:  #2775-D: white space is required between the macro name "SIN_COS_TABLE" and its replacement text
  #define SIN_COS_TABLE{\
..\src\stm32f10x_hall.c: 1 warning, 0 errors
compiling stm32f10x_Timebase.c...
..\inc\MC_const.h(58): warning:  #2775-D: white space is required between the macro name "SIN_COS_TABLE" and its replacement text
  #define SIN_COS_TABLE{\
..\src\stm32f10x_Timebase.c: 1 warning, 0 errors
compiling stm32f10x_lcd.c...
compiling stm32f10x_MCdac.c...
..\inc\MC_const.h(58): warning:  #2775-D: white space is required between the macro name "SIN_COS_TABLE" and its replacement text
  #define SIN_COS_TABLE{\
..\src\stm32f10x_MCdac.c: 1 warning, 0 errors
compiling stm32f10x_svpwm_3shunt.c...
..\inc\MC_const.h(58): warning:  #2775-D: white space is required between the macro name "SIN_COS_TABLE" and its replacement text
  #define SIN_COS_TABLE{\
..\src\stm32f10x_svpwm_3shunt.c: 1 warning, 0 errors
compiling stm32f10x_svpwm_ics.c...
compiling stm32f10x_svpwm_1shunt.c...
compiling stm32f10x_wwdg.c...
compiling stm32f10x_adc.c...
compiling stm32f10x_bkp.c...
compiling stm32f10x_can.c...
compiling stm32f10x_dma.c...
compiling stm32f10x_exti.c...
compiling stm32f10x_flash.c...
compiling stm32f10x_gpio.c...
compiling stm32f10x_i2c.c...
compiling stm32f10x_iwdg.c...
compiling stm32f10x_lib.c...
compiling stm32f10x_nvic.c...
compiling stm32f10x_pwr.c...
compiling stm32f10x_rcc.c...
compiling stm32f10x_rtc.c...
compiling stm32f10x_spi.c...
compiling stm32f10x_systick.c...
compiling stm32f10x_tim.c...
compiling stm32f10x_usart.c...
compiling stm32f10x_dbgmcu.c...
linking...
Program Size: Code=23044 RO-data=6100 RW-data=372 ZI-data=1412  
".\Obj\BOOT_FLASH.axf" - 0 Error(s), 15 Warning(s).

*** Performing Cross-Module-Optimization:
compiling MC_FOC_Drive.c...
..\inc\MC_const.h(58): warning:  #2775-D: white space is required between the macro name "SIN_COS_TABLE" and its replacement text
  #define SIN_COS_TABLE{\
..\src\MC_FOC_Drive.c: 1 warning, 0 errors
compiling MC_PID_regulators.c...
..\inc\MC_const.h(58): warning:  #2775-D: white space is required between the macro name "SIN_COS_TABLE" and its replacement text
  #define SIN_COS_TABLE{\
..\src\MC_PID_regulators.c: 1 warning, 0 errors
compiling MC_State_Observer_Interface.c...
..\inc\MC_const.h(58): warning:  #2775-D: white space is required between the macro name "SIN_COS_TABLE" and its replacement text
  #define SIN_COS_TABLE{\
..\src\MC_State_Observer_Interface.c: 1 warning, 0 errors
compiling stm32f10x_encoder.c...
..\inc\MC_const.h(58): warning:  #2775-D: white space is required between the macro name "SIN_COS_TABLE" and its replacement text
  #define SIN_COS_TABLE{\
..\src\stm32f10x_encoder.c: 1 warning, 0 errors
compiling stm32f10x_hall.c...
..\inc\MC_const.h(58): warning:  #2775-D: white space is required between the macro name "SIN_COS_TABLE" and its replacement text
  #define SIN_COS_TABLE{\
..\src\stm32f10x_hall.c: 1 warning, 0 errors
compiling stm32f10x_lcd.c...
compiling stm32f10x_svpwm_3shunt.c...
..\inc\MC_const.h(58): warning:  #2775-D: white space is required between the macro name "SIN_COS_TABLE" and its replacement text
  #define SIN_COS_TABLE{\
..\src\stm32f10x_svpwm_3shunt.c: 1 warning, 0 errors
compiling stm32f10x_wwdg.c...
compiling stm32f10x_adc.c...
compiling stm32f10x_bkp.c...
compiling stm32f10x_can.c...
compiling stm32f10x_dma.c...
compiling stm32f10x_exti.c...
compiling stm32f10x_flash.c...
compiling stm32f10x_gpio.c...
compiling stm32f10x_i2c.c...
compiling stm32f10x_iwdg.c...
compiling stm32f10x_nvic.c...
compiling stm32f10x_pwr.c...
compiling stm32f10x_rcc.c...
compiling stm32f10x_rtc.c...
compiling stm32f10x_spi.c...
compiling stm32f10x_systick.c...
compiling stm32f10x_tim.c...
compiling stm32f10x_usart.c...
compiling stm32f10x_dbgmcu.c...
linking...
Program Size: Code=23044 RO-data=6100 RW-data=372 ZI-data=1412  
".\Obj\BOOT_FLASH.axf" - 0 Error(s), 6 Warning(s).
*** Completed Cross-Module-Optimization after 2 iteration(s).
Build Time Elapsed:  00:00:10
</pre>
</body>
</html>
