Component: ARM Compiler 5.06 update 7 (build 960) Tool: armlink [4d3601]

==============================================================================

Section Cross References

    stm32f10x_vector.o(RESET) refers to stm32f10x_vector.o(STACK) for __initial_sp
    stm32f10x_vector.o(RESET) refers to stm32f10x_vector.o(.text) for Reset_Handler
    stm32f10x_vector.o(RESET) refers to stm32f10x_it.o(i.NMIException) for NMIException
    stm32f10x_vector.o(RESET) refers to stm32f10x_it.o(i.HardFaultException) for HardFaultException
    stm32f10x_vector.o(RESET) refers to stm32f10x_it.o(i.MemManageException) for MemManageException
    stm32f10x_vector.o(RESET) refers to stm32f10x_it.o(i.BusFaultException) for BusFaultException
    stm32f10x_vector.o(RESET) refers to stm32f10x_it.o(i.UsageFaultException) for UsageFaultException
    stm32f10x_vector.o(RESET) refers to stm32f10x_it.o(i.SVCHandler) for SVCHandler
    stm32f10x_vector.o(RESET) refers to stm32f10x_it.o(i.DebugMonitor) for DebugMonitor
    stm32f10x_vector.o(RESET) refers to stm32f10x_it.o(i.PendSVC) for PendSVC
    stm32f10x_vector.o(RESET) refers to stm32f10x_timebase.o(i.SysTickHandler) for SysTickHandler
    stm32f10x_vector.o(RESET) refers to stm32f10x_it.o(i.WWDG_IRQHandler) for WWDG_IRQHandler
    stm32f10x_vector.o(RESET) refers to stm32f10x_it.o(i.PVD_IRQHandler) for PVD_IRQHandler
    stm32f10x_vector.o(RESET) refers to stm32f10x_it.o(i.TAMPER_IRQHandler) for TAMPER_IRQHandler
    stm32f10x_vector.o(RESET) refers to stm32f10x_it.o(i.RTC_IRQHandler) for RTC_IRQHandler
    stm32f10x_vector.o(RESET) refers to stm32f10x_it.o(i.FLASH_IRQHandler) for FLASH_IRQHandler
    stm32f10x_vector.o(RESET) refers to stm32f10x_it.o(i.RCC_IRQHandler) for RCC_IRQHandler
    stm32f10x_vector.o(RESET) refers to stm32f10x_it.o(i.EXTI0_IRQHandler) for EXTI0_IRQHandler
    stm32f10x_vector.o(RESET) refers to stm32f10x_it.o(i.EXTI1_IRQHandler) for EXTI1_IRQHandler
    stm32f10x_vector.o(RESET) refers to stm32f10x_it.o(i.EXTI2_IRQHandler) for EXTI2_IRQHandler
    stm32f10x_vector.o(RESET) refers to stm32f10x_it.o(i.EXTI3_IRQHandler) for EXTI3_IRQHandler
    stm32f10x_vector.o(RESET) refers to stm32f10x_it.o(i.EXTI4_IRQHandler) for EXTI4_IRQHandler
    stm32f10x_vector.o(RESET) refers to stm32f10x_it.o(i.DMA1_Channel1_IRQHandler) for DMA1_Channel1_IRQHandler
    stm32f10x_vector.o(RESET) refers to stm32f10x_it.o(i.DMA1_Channel2_IRQHandler) for DMA1_Channel2_IRQHandler
    stm32f10x_vector.o(RESET) refers to stm32f10x_it.o(i.DMA1_Channel3_IRQHandler) for DMA1_Channel3_IRQHandler
    stm32f10x_vector.o(RESET) refers to stm32f10x_it.o(i.DMA1_Channel4_IRQHandler) for DMA1_Channel4_IRQHandler
    stm32f10x_vector.o(RESET) refers to stm32f10x_it.o(i.DMA1_Channel5_IRQHandler) for DMA1_Channel5_IRQHandler
    stm32f10x_vector.o(RESET) refers to stm32f10x_it.o(i.DMA1_Channel6_IRQHandler) for DMA1_Channel6_IRQHandler
    stm32f10x_vector.o(RESET) refers to stm32f10x_it.o(i.DMA1_Channel7_IRQHandler) for DMA1_Channel7_IRQHandler
    stm32f10x_vector.o(RESET) refers to stm32f10x_it.o(i.ADC1_2_IRQHandler) for ADC1_2_IRQHandler
    stm32f10x_vector.o(RESET) refers to stm32f10x_it.o(i.USB_HP_CAN_TX_IRQHandler) for USB_HP_CAN_TX_IRQHandler
    stm32f10x_vector.o(RESET) refers to stm32f10x_it.o(i.USB_LP_CAN_RX0_IRQHandler) for USB_LP_CAN_RX0_IRQHandler
    stm32f10x_vector.o(RESET) refers to stm32f10x_it.o(i.CAN_RX1_IRQHandler) for CAN_RX1_IRQHandler
    stm32f10x_vector.o(RESET) refers to stm32f10x_it.o(i.CAN_SCE_IRQHandler) for CAN_SCE_IRQHandler
    stm32f10x_vector.o(RESET) refers to stm32f10x_it.o(i.EXTI9_5_IRQHandler) for EXTI9_5_IRQHandler
    stm32f10x_vector.o(RESET) refers to stm32f10x_it.o(i.TIM1_BRK_IRQHandler) for TIM1_BRK_IRQHandler
    stm32f10x_vector.o(RESET) refers to stm32f10x_it.o(i.TIM1_UP_IRQHandler) for TIM1_UP_IRQHandler
    stm32f10x_vector.o(RESET) refers to stm32f10x_it.o(i.TIM1_TRG_COM_IRQHandler) for TIM1_TRG_COM_IRQHandler
    stm32f10x_vector.o(RESET) refers to stm32f10x_it.o(i.TIM1_CC_IRQHandler) for TIM1_CC_IRQHandler
    stm32f10x_vector.o(RESET) refers to stm32f10x_encoder.o(i.TIM2_IRQHandler) for TIM2_IRQHandler
    stm32f10x_vector.o(RESET) refers to stm32f10x_it.o(i.TIM3_IRQHandler) for TIM3_IRQHandler
    stm32f10x_vector.o(RESET) refers to stm32f10x_it.o(i.TIM4_IRQHandler) for TIM4_IRQHandler
    stm32f10x_vector.o(RESET) refers to stm32f10x_it.o(i.I2C1_EV_IRQHandler) for I2C1_EV_IRQHandler
    stm32f10x_vector.o(RESET) refers to stm32f10x_it.o(i.I2C1_ER_IRQHandler) for I2C1_ER_IRQHandler
    stm32f10x_vector.o(RESET) refers to stm32f10x_it.o(i.I2C2_EV_IRQHandler) for I2C2_EV_IRQHandler
    stm32f10x_vector.o(RESET) refers to stm32f10x_it.o(i.I2C2_ER_IRQHandler) for I2C2_ER_IRQHandler
    stm32f10x_vector.o(RESET) refers to stm32f10x_it.o(i.SPI1_IRQHandler) for SPI1_IRQHandler
    stm32f10x_vector.o(RESET) refers to stm32f10x_it.o(i.SPI2_IRQHandler) for SPI2_IRQHandler
[...]
    Start_Up_State                           0x20000044   Data           1  mc_state_observer_interface.o(.data)
    bCounter                                 0x20000045   Data           1  mc_state_observer_interface.o(.data)
    hAngle                                   0x20000046   Data           2  mc_state_observer_interface.o(.data)
    bConvCounter                             0x2000004c   Data           2  mc_state_observer_interface.o(.data)
    hFreq_Inc                                0x2000004e   Data           2  mc_state_observer_interface.o(.data)
    wTime                                    0x20000050   Data           4  mc_state_observer_interface.o(.data)
    wStart_Up_Freq                           0x20000054   Data           4  mc_state_observer_interface.o(.data)
    wStart_Up_I                              0x20000060   Data           4  mc_state_observer_interface.o(.data)
    hI_Inc                                   0x20000064   Data           4  mc_state_observer_interface.o(.data)
    .data                                    0x20000068   Section        4  mc_keys.o(.data)
    bKey                                     0x20000068   Data           1  mc_keys.o(.data)
    bPrevious_key                            0x20000069   Data           1  mc_keys.o(.data)
    bKey_Flag                                0x2000006a   Data           1  mc_keys.o(.data)
    .data                                    0x2000006c   Section        2  mc_display.o(.data)
    bPrevious_Visualization                  0x2000006c   Data           1  mc_display.o(.data)
    bPresent_Visualization                   0x2000006d   Data           1  mc_display.o(.data)
    .data                                    0x20000070   Section       16  stm32f10x_encoder.o(.data)
    bSpeed_Buffer_Index                      0x20000070   Data           1  stm32f10x_encoder.o(.data)
    bIs_First_Measurement                    0x20000071   Data           1  stm32f10x_encoder.o(.data)
    bError_Speed_Measurement                 0x20000072   Data           1  stm32f10x_encoder.o(.data)
    bError_counter                           0x20000073   Data           1  stm32f10x_encoder.o(.data)
    hPrevious_angle                          0x20000074   Data           2  stm32f10x_encoder.o(.data)
    hRot_Speed                               0x20000076   Data           2  stm32f10x_encoder.o(.data)
    hEncoder_Timer_Overflow                  0x20000078   Data           2  stm32f10x_encoder.o(.data)
    wTimebase                                0x2000007c   Data           4  stm32f10x_encoder.o(.data)
    .data                                    0x20000080   Section       12  stm32f10x_timebase.o(.data)
    hStart_Up_TimeLeft_500us                 0x20000082   Data           2  stm32f10x_timebase.o(.data)
    hTimebase_500us                          0x20000084   Data           2  stm32f10x_timebase.o(.data)
    hTimebase_display_500us                  0x20000086   Data           2  stm32f10x_timebase.o(.data)
    hKey_debounce_500us                      0x20000088   Data           2  stm32f10x_timebase.o(.data)
    hSpeedMeas_Timebase_500us                0x2000008a   Data           2  stm32f10x_timebase.o(.data)
    .data                                    0x2000008c   Section        8  stm32f10x_lcd.o(.data)
    TextColor                                0x2000008c   Data           2  stm32f10x_lcd.o(.data)
    BackColor                                0x2000008e   Data           2  stm32f10x_lcd.o(.data)
    LCDType                                  0x20000090   Data           4  stm32f10x_lcd.o(.data)
    .data                                    0x20000094   Section      119  stm32f10x_mcdac.o(.data)
    .data                                    0x2000010c   Section       10  stm32f10x_svpwm_3shunt.o(.data)
    bIndex                                   0x2000010e   Data           2  stm32f10x_svpwm_3shunt.o(.data)
    .data                                    0x20000118   Section        8  stm32f10x_rcc.o(.data)
    HSEStatus                                0x20000118   Data           1  stm32f10x_rcc.o(.data)
    StartUpCounter                           0x2000011c   Data           4  stm32f10x_rcc.o(.data)
    .data                                    0x20000120   Section       24  mc_foc_methods.o(.data)
    hIdDemag                                 0x20000120   Data           2  mc_foc_methods.o(.data)
    hIdRefOld                                0x20000122   Data           2  mc_foc_methods.o(.data)
    wNominalCurrent                          0x20000124   Data           4  mc_foc_methods.o(.data)
    wVMagn                                   0x20000128   Data           4  mc_foc_methods.o(.data)
    wConstant_1Q                             0x2000012c   Data           4  mc_foc_methods.o(.data)
    wConstant_1D                             0x20000130   Data           4  mc_foc_methods.o(.data)
    wConstant_2                              0x20000134   Data           4  mc_foc_methods.o(.data)
    .data                                    0x20000138   Section       60  mc_state_observer.o(.data)
    Max_Speed_Out                            0x20000138   Data           1  mc_state_observer.o(.data)
    Min_Speed_Out                            0x20000139   Data           1  mc_state_observer.o(.data)
    Is_Speed_Reliable                        0x2000013a   Data           1  mc_state_observer.o(.data)
    bSpeed_Buffer_Index                      0x2000013b   Data           1  mc_state_observer.o(.data)
    hBemf_alfa_est                           0x2000013c   Data           2  mc_state_observer.o(.data)
    hBemf_beta_est                           0x2000013e   Data           2  mc_state_observer.o(.data)
    hRotor_El_Angle                          0x20000140   Data           2  mc_state_observer.o(.data)
    hRotor_Speed_dpp                         0x20000142   Data           2  mc_state_observer.o(.data)
    hC2                                      0x20000144   Data           2  mc_state_observer.o(.data)
    hC4                                      0x20000146   Data           2  mc_state_observer.o(.data)
    hF1                                      0x20000148   Data           2  mc_state_observer.o(.data)
    hF2                                      0x2000014a   Data           2  mc_state_observer.o(.data)
    hF3                                      0x2000014c   Data           2  mc_state_observer.o(.data)
    hC1                                      0x2000014e   Data           2  mc_state_observer.o(.data)
    hC3                                      0x20000150   Data           2  mc_state_observer.o(.data)
    hC5                                      0x20000152   Data           2  mc_state_observer.o(.data)
    hC6                                      0x20000154   Data           2  mc_state_observer.o(.data)
    hSpeed_P_Gain                            0x20000156   Data           2  mc_state_observer.o(.data)
    hSpeed_I_Gain                            0x20000158   Data           2  mc_state_observer.o(.data)
    hPercentageFactor                        0x2000015a   Data           2  mc_state_observer.o(.data)
    wIalfa_est                               0x2000015c   Data           4  mc_state_observer.o(.data)
    wIbeta_est                               0x20000160   Data           4  mc_state_observer.o(.data)
    wBemf_alfa_est                           0x20000164   Data           4  mc_state_observer.o(.data)
    wBemf_beta_est                           0x20000168   Data           4  mc_state_observer.o(.data)
    wSpeed_PI_integral_sum                   0x2000016c   Data           4  mc_state_observer.o(.data)
    wMotorMaxSpeed_dpp                       0x20000170   Data           4  mc_state_observer.o(.data)
    .bss                                     0x20000174   Section       32  mc_globals.o(.bss)
    .bss                                     0x20000194   Section       32  mc_globals.o(.bss)
    .bss                                     0x200001b4   Section       32  mc_globals.o(.bss)
    .bss                                     0x200001d4   Section       16  stm32f10x_encoder.o(.bss)
    hSpeed_Buffer                            0x200001d4   Data          16  stm32f10x_encoder.o(.bss)
    .bss                                     0x200001e4   Section       46  stm32f10x_mcdac.o(.bss)
    .bss                                     0x20000214   Section      100  mc_foc_methods.o(.bss)
    MTPA_InitStructure                       0x20000214   Data          68  mc_foc_methods.o(.bss)
    PI_Stat_Volt_InitStructure               0x20000258   Data          32  mc_foc_methods.o(.bss)
    .bss                                     0x20000278   Section      128  mc_state_observer.o(.bss)
    hSpeed_Buffer                            0x20000278   Data         128  mc_state_observer.o(.bss)
    STACK                                    0x200002f8   Section     1024  stm32f10x_vector.o(STACK)

    Global Symbols

    Symbol Name                              Value     Ov Type        Size  Object(Section)

    BuildAttributes$$THM_ISAv4$P$D$K$B$S$PE$A:L22UL41UL21$X:L11$S22US41US21$IEEE1$IW$USESV6$~STKCKD$USESV7$~SHL$OTIME$ROPI$EBA8$MICROLIB$REQ8$PRES8$EABIv2 0x00000000   Number         0  anon$$obj.o ABSOLUTE
    __ARM_use_no_argv                        0x00000000   Number         0  main.o ABSOLUTE
    __arm_fini_                               - Undefined Weak Reference
    __cpp_initialize__aeabi_                  - Undefined Weak Reference
    __cxa_finalize                            - Undefined Weak Reference
    _clock_init                               - Undefined Weak Reference
    _microlib_exit                            - Undefined Weak Reference
    __Vectors                                0x08000000   Data           4  stm32f10x_vector.o(RESET)
    __main                                   0x08000131   Thumb Code     0  entry.o(.ARM.Collect$$$$00000000)
    _main_stk                                0x08000131   Thumb Code     0  entry2.o(.ARM.Collect$$$$00000001)
    _main_scatterload                        0x08000135   Thumb Code     0  entry5.o(.ARM.Collect$$$$00000004)
    __main_after_scatterload                 0x08000139   Thumb Code     0  entry5.o(.ARM.Collect$$$$00000004)
    _main_clock                              0x08000139   Thumb Code     0  entry7b.o(.ARM.Collect$$$$00000008)
    _main_cpp_init                           0x08000139   Thumb Code     0  entry8b.o(.ARM.Collect$$$$0000000A)
    _main_init                               0x08000139   Thumb Code     0  entry9a.o(.ARM.Collect$$$$0000000B)
    __rt_lib_shutdown_fini                   0x08000141   Thumb Code     0  entry12b.o(.ARM.Collect$$$$0000000E)
    __rt_final_cpp                           0x08000145   Thumb Code     0  entry10a.o(.ARM.Collect$$$$0000000F)
    __rt_final_exit                          0x08000145   Thumb Code     0  entry11a.o(.ARM.Collect$$$$00000011)
    Reset_Handler                            0x08000149   Thumb Code     4  stm32f10x_vector.o(.text)
    __aeabi_ldivmod                          0x08000151   Thumb Code    98  ldiv.o(.text)
    __aeabi_memset                           0x080001b3   Thumb Code    14  memseta.o(.text)
    __aeabi_memset4                          0x080001b3   Thumb Code     0  memseta.o(.text)
    __aeabi_memset8                          0x080001b3   Thumb Code     0  memseta.o(.text)
    __aeabi_memclr                           0x080001c1   Thumb Code     4  memseta.o(.text)
    __aeabi_memclr4                          0x080001c1   Thumb Code     0  memseta.o(.text)
    __aeabi_memclr8                          0x080001c1   Thumb Code     0  memseta.o(.text)
    _memset$wrapper                          0x080001c5   Thumb Code    18  memseta.o(.text)
    __aeabi_dmul                             0x080001d7   Thumb Code   228  dmul.o(.text)
    __aeabi_ddiv                             0x080002bb   Thumb Code   222  ddiv.o(.text)
    __ARM_scalbn                             0x08000399   Thumb Code    46  dscalb.o(.text)
    scalbn                                   0x08000399   Thumb Code     0  dscalb.o(.text)
    __aeabi_i2d                              0x080003c7   Thumb Code    34  dflti.o(.text)
    __aeabi_d2iz                             0x080003e9   Thumb Code    62  dfixi.o(.text)
    __aeabi_uldivmod                         0x08000427   Thumb Code    98  uldiv.o(.text)
    __aeabi_llsr                             0x08000489   Thumb Code    32  llushr.o(.text)
    _ll_ushift_r                             0x08000489   Thumb Code     0  llushr.o(.text)
    __I$use$fp                               0x080004a9   Thumb Code     0  iusefp.o(.text)
    _double_round                            0x080004a9   Thumb Code    30  depilogue.o(.text)
    _double_epilogue                         0x080004c7   Thumb Code   156  depilogue.o(.text)
    __scatterload                            0x08000565   Thumb Code    28  init.o(.text)
    __scatterload_rt2                        0x08000565   Thumb Code     0  init.o(.text)
    __aeabi_llsl                             0x08000589   Thumb Code    30  llshl.o(.text)
    _ll_shift_l                              0x08000589   Thumb Code     0  llshl.o(.text)
    __decompress                             0x080005a7   Thumb Code     0  __dczerorl2.o(.text)
    __decompress1                            0x080005a7   Thumb Code    86  __dczerorl2.o(.text)
    ADC1_2_IRQHandler                        0x080005fd   Thumb Code   322  stm32f10x_it.o(i.ADC1_2_IRQHandler)
    ADC3_IRQHandler                          0x08000769   Thumb Code     2  stm32f10x_it.o(i.ADC3_IRQHandler)
    ADC_AnalogWatchdogCmd                    0x0800076d   Thumb Code    12  stm32f10x_adc.o(i.ADC_AnalogWatchdogCmd)
    ADC_AnalogWatchdogSingleChannelConfig    0x0800077d   Thumb Code    12  stm32f10x_adc.o(i.ADC_AnalogWatchdogSingleChannelConfig)
    ADC_AnalogWatchdogThresholdsConfig       0x08000789   Thumb Code     6  stm32f10x_adc.o(i.ADC_AnalogWatchdogThresholdsConfig)
    ADC_ClearFlag                            0x0800078f   Thumb Code     6  stm32f10x_adc.o(i.ADC_ClearFlag)
    ADC_Cmd                                  0x08000795   Thumb Code    20  stm32f10x_adc.o(i.ADC_Cmd)
    ADC_DeInit                               0x080007a9   Thumb Code    56  stm32f10x_adc.o(i.ADC_DeInit)
    ADC_ExternalTrigInjectedConvCmd          0x080007e5   Thumb Code    20  stm32f10x_adc.o(i.ADC_ExternalTrigInjectedConvCmd)
    ADC_ExternalTrigInjectedConvConfig       0x080007f9   Thumb Code    12  stm32f10x_adc.o(i.ADC_ExternalTrigInjectedConvConfig)
    ADC_GetCalibrationStatus                 0x08000805   Thumb Code    14  stm32f10x_adc.o(i.ADC_GetCalibrationStatus)
    ADC_GetFlagStatus                        0x08000813   Thumb Code    14  stm32f10x_adc.o(i.ADC_GetFlagStatus)
    ADC_GetITStatus                          0x08000821   Thumb Code    28  stm32f10x_adc.o(i.ADC_GetITStatus)
    ADC_GetInjectedConversionValue           0x0800083d   Thumb Code     8  stm32f10x_adc.o(i.ADC_GetInjectedConversionValue)
    ADC_ITConfig                             0x08000845   Thumb Code    18  stm32f10x_adc.o(i.ADC_ITConfig)
    ADC_Init                                 0x08000859   Thumb Code    62  stm32f10x_adc.o(i.ADC_Init)
    ADC_InjectedChannelConfig                0x080008a1   Thumb Code    74  stm32f10x_adc.o(i.ADC_InjectedChannelConfig)
    ADC_InjectedSequencerLengthConfig        0x080008eb   Thumb Code    16  stm32f10x_adc.o(i.ADC_InjectedSequencerLengthConfig)
    ADC_SoftwareStartInjectedConvCmd         0x080008fb   Thumb Code    20  stm32f10x_adc.o(i.ADC_SoftwareStartInjectedConvCmd)
    ADC_StartCalibration                     0x0800090f   Thumb Code    10  stm32f10x_adc.o(i.ADC_StartCalibration)
    ADC_StructInit                           0x08000919   Thumb Code    18  stm32f10x_adc.o(i.ADC_StructInit)
    BusFaultException                        0x0800092b   Thumb Code     2  stm32f10x_it.o(i.BusFaultException)
    CAN_RX1_IRQHandler                       0x0800092d   Thumb Code     2  stm32f10x_it.o(i.CAN_RX1_IRQHandler)
    CAN_SCE_IRQHandler                       0x0800092f   Thumb Code     2  stm32f10x_it.o(i.CAN_SCE_IRQHandler)
    Clarke                                   0x08000931   Thumb Code    50  mc_clarke_park.o(i.Clarke)
    ComputeVisualization                     0x08000965   Thumb Code    84  mc_display.o(i.ComputeVisualization)
    DBGMCU_Config                            0x080009bd   Thumb Code    18  stm32f10x_dbgmcu.o(i.DBGMCU_Config)
    DMA1_Channel1_IRQHandler                 0x080009d5   Thumb Code     2  stm32f10x_it.o(i.DMA1_Channel1_IRQHandler)
    DMA1_Channel2_IRQHandler                 0x080009d7   Thumb Code     2  stm32f10x_it.o(i.DMA1_Channel2_IRQHandler)
    DMA1_Channel3_IRQHandler                 0x080009d9   Thumb Code     2  stm32f10x_it.o(i.DMA1_Channel3_IRQHandler)
    DMA1_Channel4_IRQHandler                 0x080009db   Thumb Code     2  stm32f10x_it.o(i.DMA1_Channel4_IRQHandler)
    DMA1_Channel5_IRQHandler                 0x080009dd   Thumb Code     2  stm32f10x_it.o(i.DMA1_Channel5_IRQHandler)
    DMA1_Channel6_IRQHandler                 0x080009df   Thumb Code     2  stm32f10x_it.o(i.DMA1_Channel6_IRQHandler)
    DMA1_Channel7_IRQHandler                 0x080009e1   Thumb Code     2  stm32f10x_it.o(i.DMA1_Channel7_IRQHandler)
    DMA2_Channel1_IRQHandler                 0x080009e3   Thumb Code     2  stm32f10x_it.o(i.DMA2_Channel1_IRQHandler)
    DMA2_Channel2_IRQHandler                 0x080009e5   Thumb Code     2  stm32f10x_it.o(i.DMA2_Channel2_IRQHandler)
    DMA2_Channel3_IRQHandler                 0x080009e7   Thumb Code     2  stm32f10x_it.o(i.DMA2_Channel3_IRQHandler)
    DMA2_Channel4_5_IRQHandler               0x080009e9   Thumb Code     2  stm32f10x_it.o(i.DMA2_Channel4_5_IRQHandler)
    DebugMonitor                             0x080009eb   Thumb Code     2  stm32f10x_it.o(i.DebugMonitor)
    Display_5DigitSignedNumber               0x080009ed   Thumb Code   148  mc_display.o(i.Display_5DigitSignedNumber)
    Display_LCD                              0x08000a81   Thumb Code  3658  mc_display.o(i.Display_LCD)
    Display_Welcome_Message                  0x08001a41   Thumb Code    30  mc_display.o(i.Display_Welcome_Message)
    ENC_Calc_Average_Speed                   0x08001aa9   Thumb Code   144  stm32f10x_encoder.o(i.ENC_Calc_Average_Speed)
    ENC_Calc_Rot_Speed                       0x08001b45   Thumb Code   152  stm32f10x_encoder.o(i.ENC_Calc_Rot_Speed)
    ENC_Clear_Speed_Buffer                   0x08001be1   Thumb Code    26  stm32f10x_encoder.o(i.ENC_Clear_Speed_Buffer)
    ENC_Get_Electrical_Angle                 0x08001c05   Thumb Code    26  stm32f10x_encoder.o(i.ENC_Get_Electrical_Angle)
    ENC_Get_Mechanical_Speed                 0x08001c25   Thumb Code     8  stm32f10x_encoder.o(i.ENC_Get_Mechanical_Speed)
    ENC_Init                                 0x08001c31   Thumb Code   196  stm32f10x_encoder.o(i.ENC_Init)
    ENC_Start_Up                             0x08001cf9   Thumb Code   174  stm32f10x_encoder.o(i.ENC_Start_Up)
    EXTI0_IRQHandler                         0x08001dd5   Thumb Code     2  stm32f10x_it.o(i.EXTI0_IRQHandler)
    EXTI15_10_IRQHandler                     0x08001dd7   Thumb Code     2  stm32f10x_it.o(i.EXTI15_10_IRQHandler)
    EXTI1_IRQHandler                         0x08001dd9   Thumb Code     2  stm32f10x_it.o(i.EXTI1_IRQHandler)
    EXTI2_IRQHandler                         0x08001ddb   Thumb Code     2  stm32f10x_it.o(i.EXTI2_IRQHandler)
    EXTI3_IRQHandler                         0x08001ddd   Thumb Code     2  stm32f10x_it.o(i.EXTI3_IRQHandler)
    EXTI4_IRQHandler                         0x08001ddf   Thumb Code     2  stm32f10x_it.o(i.EXTI4_IRQHandler)
    EXTI9_5_IRQHandler                       0x08001de1   Thumb Code     2  stm32f10x_it.o(i.EXTI9_5_IRQHandler)
    FLASH_IRQHandler                         0x08001de3   Thumb Code     2  stm32f10x_it.o(i.FLASH_IRQHandler)
    FLASH_PrefetchBufferCmd                  0x08001de5   Thumb Code    18  stm32f10x_flash.o(i.FLASH_PrefetchBufferCmd)
    FLASH_SetLatency                         0x08001dfd   Thumb Code    18  stm32f10x_flash.o(i.FLASH_SetLatency)
    FOC_CalcFluxTorqueRef                    0x08001e15   Thumb Code   144  mc_foc_drive.o(i.FOC_CalcFluxTorqueRef)
    FOC_FluxRegulator                        0x08001eb9   Thumb Code   196  mc_foc_methods.o(i.FOC_FluxRegulator)
    FOC_FluxRegulator_Init                   0x08001f85   Thumb Code    82  mc_foc_methods.o(i.FOC_FluxRegulator_Init)
    FOC_FluxRegulator_Update                 0x08001fe1   Thumb Code    14  mc_foc_methods.o(i.FOC_FluxRegulator_Update)
    FOC_Init                                 0x08001ff9   Thumb Code    98  mc_foc_drive.o(i.FOC_Init)
    FOC_Model                                0x08002065   Thumb Code   162  mc_foc_drive.o(i.FOC_Model)
    FOC_TorqueCtrl                           0x08002129   Thumb Code    16  mc_foc_drive.o(i.FOC_TorqueCtrl)
    FSMC_IRQHandler                          0x08002145   Thumb Code     2  stm32f10x_it.o(i.FSMC_IRQHandler)
    GPIO_Configuration                       0x08002149   Thumb Code    54  main.o(i.GPIO_Configuration)
    GPIO_DeInit                              0x08002185   Thumb Code   152  stm32f10x_gpio.o(i.GPIO_DeInit)
    GPIO_Init                                0x08002225   Thumb Code   160  stm32f10x_gpio.o(i.GPIO_Init)
    GPIO_PinLockConfig                       0x080022c5   Thumb Code    16  stm32f10x_gpio.o(i.GPIO_PinLockConfig)
    GPIO_PinRemapConfig                      0x080022d5   Thumb Code    66  stm32f10x_gpio.o(i.GPIO_PinRemapConfig)
    GPIO_ReadInputDataBit                    0x0800231d   Thumb Code    14  stm32f10x_gpio.o(i.GPIO_ReadInputDataBit)
    GPIO_StructInit                          0x0800232b   Thumb Code    16  stm32f10x_gpio.o(i.GPIO_StructInit)
    GPIO_WriteBit                            0x0800233b   Thumb Code    10  stm32f10x_gpio.o(i.GPIO_WriteBit)
    HardFaultException                       0x08002345   Thumb Code     2  stm32f10x_it.o(i.HardFaultException)
    I2C1_ER_IRQHandler                       0x08002347   Thumb Code     2  stm32f10x_it.o(i.I2C1_ER_IRQHandler)
    I2C1_EV_IRQHandler                       0x08002349   Thumb Code     2  stm32f10x_it.o(i.I2C1_EV_IRQHandler)
    I2C2_ER_IRQHandler                       0x0800234b   Thumb Code     2  stm32f10x_it.o(i.I2C2_ER_IRQHandler)
    I2C2_EV_IRQHandler                       0x0800234d   Thumb Code     2  stm32f10x_it.o(i.I2C2_EV_IRQHandler)
    IsObserverConverged                      0x08002351   Thumb Code   122  mc_state_observer_interface.o(i.IsObserverConverged)
    KEYS_ExportbKey                          0x080023d1   Thumb Code     6  mc_keys.o(i.KEYS_ExportbKey)
    KEYS_Init                                0x080023dd   Thumb Code   134  mc_keys.o(i.KEYS_Init)
    KEYS_Read                                0x08002471   Thumb Code   214  mc_keys.o(i.KEYS_Read)
    KEYS_process                             0x08002559   Thumb Code  1400  mc_keys.o(i.KEYS_process)
    LCD_Clear                                0x08002aed   Thumb Code    74  stm32f10x_lcd.o(i.LCD_Clear)
    LCD_ClearLine                            0x08002b41   Thumb Code     6  stm32f10x_lcd.o(i.LCD_ClearLine)
    LCD_CtrlLinesConfig                      0x08002b61   Thumb Code    68  stm32f10x_lcd.o(i.LCD_CtrlLinesConfig)
    LCD_CtrlLinesWrite                       0x08002bad   Thumb Code     4  stm32f10x_lcd.o(i.LCD_CtrlLinesWrite)
    LCD_DisplayChar                          0x08002bb1   Thumb Code    18  stm32f10x_lcd.o(i.LCD_DisplayChar)
    LCD_DisplayStringLine                    0x08002bc9   Thumb Code    46  stm32f10x_lcd.o(i.LCD_DisplayStringLine)
    LCD_DrawChar                             0x08002bf9   Thumb Code   110  stm32f10x_lcd.o(i.LCD_DrawChar)
    LCD_DrawLine                             0x08002c71   Thumb Code   128  stm32f10x_lcd.o(i.LCD_DrawLine)
    LCD_DrawRect                             0x08002cf9   Thumb Code    66  stm32f10x_lcd.o(i.LCD_DrawRect)
    LCD_Init                                 0x08002d3d   Thumb Code    40  stm32f10x_lcd.o(i.LCD_Init)
    LCD_ReadReg                              0x08002d69   Thumb Code   184  stm32f10x_lcd.o(i.LCD_ReadReg)
    LCD_SPIConfig                            0x08002e29   Thumb Code   170  stm32f10x_lcd.o(i.LCD_SPIConfig)
    LCD_SetBackColor                         0x08002ee1   Thumb Code    12  stm32f10x_lcd.o(i.LCD_SetBackColor)
    LCD_SetCursor                            0x08002ef1   Thumb Code    72  stm32f10x_lcd.o(i.LCD_SetCursor)
    LCD_SetTextColor                         0x08002f3d   Thumb Code    12  stm32f10x_lcd.o(i.LCD_SetTextColor)
    LCD_Setup                                0x08002f4d   Thumb Code  1248  stm32f10x_lcd.o(i.LCD_Setup)
    LCD_WriteRAM                             0x0800342d   Thumb Code   140  stm32f10x_lcd.o(i.LCD_WriteRAM)
    LCD_WriteRAMWord                         0x080034c9   Thumb Code    28  stm32f10x_lcd.o(i.LCD_WriteRAMWord)
    LCD_WriteRAM_Prepare                     0x080034e9   Thumb Code    18  stm32f10x_lcd.o(i.LCD_WriteRAM_Prepare)
    LCD_WriteReg                             0x080034fd   Thumb Code   162  stm32f10x_lcd.o(i.LCD_WriteReg)
    LCD_WriteRegIndex                        0x080035b1   Thumb Code    66  stm32f10x_lcd.o(i.LCD_WriteRegIndex)
    LCD_nCS_StartByte                        0x080035fd   Thumb Code    38  stm32f10x_lcd.o(i.LCD_nCS_StartByte)
    MCDAC_Init                               0x0800362d   Thumb Code   160  stm32f10x_mcdac.o(i.MCDAC_Init)
    MCDAC_Output_Choice                      0x080036d5   Thumb Code    60  stm32f10x_mcdac.o(i.MCDAC_Output_Choice)
    MCDAC_Output_Var_Name                    0x08003715   Thumb Code    26  stm32f10x_mcdac.o(i.MCDAC_Output_Var_Name)
    MCDAC_Update_Output                      0x08003735   Thumb Code    74  stm32f10x_mcdac.o(i.MCDAC_Update_Output)
    MCDAC_Update_Value                       0x0800378d   Thumb Code     8  stm32f10x_mcdac.o(i.MCDAC_Update_Value)
    MCL_Calc_BusVolt                         0x08003799   Thumb Code    26  mc_motorcontrol_layer.o(i.MCL_Calc_BusVolt)
    MCL_ChkPowerStage                        0x080037b9   Thumb Code    36  mc_motorcontrol_layer.o(i.MCL_ChkPowerStage)
    MCL_Chk_BusVolt                          0x080037dd   Thumb Code    34  mc_motorcontrol_layer.o(i.MCL_Chk_BusVolt)
    MCL_Chk_OverTemp                         0x08003805   Thumb Code    48  mc_motorcontrol_layer.o(i.MCL_Chk_OverTemp)
    MCL_ClearFault                           0x0800383d   Thumb Code   150  mc_motorcontrol_layer.o(i.MCL_ClearFault)
    MCL_Compute_BusVolt                      0x080038dd   Thumb Code    24  mc_motorcontrol_layer.o(i.MCL_Compute_BusVolt)
    MCL_Compute_Temp                         0x080038f9   Thumb Code    22  mc_motorcontrol_layer.o(i.MCL_Compute_Temp)
    MCL_Get_BusVolt                          0x08003915   Thumb Code     8  mc_motorcontrol_layer.o(i.MCL_Get_BusVolt)
    MCL_Init                                 0x08003921   Thumb Code    78  mc_motorcontrol_layer.o(i.MCL_Init)
    MCL_Init_Arrays                          0x0800397d   Thumb Code    14  mc_motorcontrol_layer.o(i.MCL_Init_Arrays)
    MCL_Reset_PID_IntegralTerms              0x08003991   Thumb Code    16  mc_motorcontrol_layer.o(i.MCL_Reset_PID_IntegralTerms)
    MCL_SetFault                             0x080039ad   Thumb Code    50  mc_motorcontrol_layer.o(i.MCL_SetFault)
    MemManageException                       0x080039f1   Thumb Code     2  stm32f10x_it.o(i.MemManageException)
    NMIException                             0x080039f3   Thumb Code     2  stm32f10x_it.o(i.NMIException)
    NVIC_Configuration                       0x080039f5   Thumb Code    10  main.o(i.NVIC_Configuration)
    NVIC_Init                                0x08003a01   Thumb Code   118  stm32f10x_nvic.o(i.NVIC_Init)
    NVIC_PriorityGroupConfig                 0x08003a7d   Thumb Code    10  stm32f10x_nvic.o(i.NVIC_PriorityGroupConfig)
    NVIC_SetVectorTable                      0x08003a91   Thumb Code    12  stm32f10x_nvic.o(i.NVIC_SetVectorTable)
    NVIC_StructInit                          0x08003aa5   Thumb Code    12  stm32f10x_nvic.o(i.NVIC_StructInit)
    NVIC_SystemHandlerPriorityConfig         0x08003ab1   Thumb Code    74  stm32f10x_nvic.o(i.NVIC_SystemHandlerPriorityConfig)
    PID_Init                                 0x08003b01   Thumb Code   180  mc_pid_regulators.o(i.PID_Init)
    PID_Regulator                            0x08003bc9   Thumb Code   142  mc_pid_regulators.o(i.PID_Regulator)
    PVD_IRQHandler                           0x08003c57   Thumb Code     2  stm32f10x_it.o(i.PVD_IRQHandler)
    Park                                     0x08003c59   Thumb Code   196  mc_clarke_park.o(i.Park)
    PendSVC                                  0x08003d25   Thumb Code     2  stm32f10x_it.o(i.PendSVC)
    RCC_ADCCLKConfig                         0x08003d29   Thumb Code    14  stm32f10x_rcc.o(i.RCC_ADCCLKConfig)
    RCC_AHBPeriphClockCmd                    0x08003d3d   Thumb Code    18  stm32f10x_rcc.o(i.RCC_AHBPeriphClockCmd)
    RCC_APB1PeriphClockCmd                   0x08003d55   Thumb Code    18  stm32f10x_rcc.o(i.RCC_APB1PeriphClockCmd)
    RCC_APB1PeriphResetCmd                   0x08003d6d   Thumb Code    18  stm32f10x_rcc.o(i.RCC_APB1PeriphResetCmd)
    RCC_APB2PeriphClockCmd                   0x08003d85   Thumb Code    18  stm32f10x_rcc.o(i.RCC_APB2PeriphClockCmd)
    RCC_APB2PeriphResetCmd                   0x08003d9d   Thumb Code    18  stm32f10x_rcc.o(i.RCC_APB2PeriphResetCmd)
    RCC_Configuration                        0x08003db5   Thumb Code    98  main.o(i.RCC_Configuration)
    RCC_DeInit                               0x08003e19   Thumb Code    48  stm32f10x_rcc.o(i.RCC_DeInit)
    RCC_GetFlagStatus                        0x08003e55   Thumb Code    44  stm32f10x_rcc.o(i.RCC_GetFlagStatus)
    RCC_GetSYSCLKSource                      0x08003e85   Thumb Code    10  stm32f10x_rcc.o(i.RCC_GetSYSCLKSource)
    RCC_HCLKConfig                           0x08003e95   Thumb Code    14  stm32f10x_rcc.o(i.RCC_HCLKConfig)
    RCC_HSEConfig                            0x08003ea9   Thumb Code    48  stm32f10x_rcc.o(i.RCC_HSEConfig)
    RCC_IRQHandler                           0x08003edd   Thumb Code     2  stm32f10x_it.o(i.RCC_IRQHandler)
    RCC_PCLK1Config                          0x08003ee1   Thumb Code    14  stm32f10x_rcc.o(i.RCC_PCLK1Config)
    RCC_PCLK2Config                          0x08003ef5   Thumb Code    16  stm32f10x_rcc.o(i.RCC_PCLK2Config)
    RCC_PLLCmd                               0x08003f09   Thumb Code     6  stm32f10x_rcc.o(i.RCC_PLLCmd)
    RCC_PLLConfig                            0x08003f15   Thumb Code    16  stm32f10x_rcc.o(i.RCC_PLLConfig)
    RCC_SYSCLKConfig                         0x08003f29   Thumb Code    14  stm32f10x_rcc.o(i.RCC_SYSCLKConfig)
    RCC_WaitForHSEStartUp                    0x08003f3d   Thumb Code    46  stm32f10x_rcc.o(i.RCC_WaitForHSEStartUp)
    RTCAlarm_IRQHandler                      0x08003f71   Thumb Code     2  stm32f10x_it.o(i.RTCAlarm_IRQHandler)
    RTC_IRQHandler                           0x08003f73   Thumb Code     2  stm32f10x_it.o(i.RTC_IRQHandler)
    RevPark_Circle_Limitation                0x08003f75   Thumb Code    70  mc_clarke_park.o(i.RevPark_Circle_Limitation)
    Rev_Park                                 0x08003fc9   Thumb Code    82  mc_clarke_park.o(i.Rev_Park)
    SDIO_IRQHandler                          0x08004021   Thumb Code     2  stm32f10x_it.o(i.SDIO_IRQHandler)
    SPI1_IRQHandler                          0x08004023   Thumb Code     2  stm32f10x_it.o(i.SPI1_IRQHandler)
    SPI2_IRQHandler                          0x08004025   Thumb Code     2  stm32f10x_it.o(i.SPI2_IRQHandler)
    SPI3_IRQHandler                          0x08004027   Thumb Code     2  stm32f10x_it.o(i.SPI3_IRQHandler)
    SPI_Cmd                                  0x08004029   Thumb Code    20  stm32f10x_spi.o(i.SPI_Cmd)
    SPI_I2S_DeInit                           0x0800403d   Thumb Code    72  stm32f10x_spi.o(i.SPI_I2S_DeInit)
    SPI_I2S_GetFlagStatus                    0x08004089   Thumb Code    14  stm32f10x_spi.o(i.SPI_I2S_GetFlagStatus)
    SPI_I2S_ReceiveData                      0x08004097   Thumb Code     4  stm32f10x_spi.o(i.SPI_I2S_ReceiveData)
    SPI_I2S_SendData                         0x0800409b   Thumb Code     4  stm32f10x_spi.o(i.SPI_I2S_SendData)
    SPI_Init                                 0x0800409f   Thumb Code    56  stm32f10x_spi.o(i.SPI_Init)
    SPI_StructInit                           0x080040d7   Thumb Code    24  stm32f10x_spi.o(i.SPI_StructInit)
    STO_Calc_Rotor_Angle                     0x080040f1   Thumb Code   502  mc_state_observer.o(i.STO_Calc_Rotor_Angle)
    STO_Calc_Speed                           0x080042f1   Thumb Code   136  mc_state_observer.o(i.STO_Calc_Speed)
    STO_Check_Speed_Reliability              0x08004381   Thumb Code    38  mc_state_observer_interface.o(i.STO_Check_Speed_Reliability)
    STO_Gains_Init                           0x080043ad   Thumb Code    56  mc_state_observer.o(i.STO_Gains_Init)
    STO_Gains_Update                         0x080043e9   Thumb Code    20  mc_state_observer.o(i.STO_Gains_Update)
    STO_Get_Electrical_Angle                 0x08004401   Thumb Code     8  mc_state_observer.o(i.STO_Get_Electrical_Angle)
    STO_Get_Speed                            0x0800440d   Thumb Code     8  mc_state_observer.o(i.STO_Get_Speed)
    STO_Get_Speed_Hz                         0x08004419   Thumb Code    20  mc_state_observer_interface.o(i.STO_Get_Speed_Hz)
    STO_Get_wBemf_alfa_est                   0x08004431   Thumb Code     8  mc_state_observer.o(i.STO_Get_wBemf_alfa_est)
    STO_Get_wBemf_beta_est                   0x0800443d   Thumb Code     8  mc_state_observer.o(i.STO_Get_wBemf_beta_est)
    STO_Get_wIalfa_est                       0x08004449   Thumb Code    16  mc_state_observer.o(i.STO_Get_wIalfa_est)
    STO_Get_wIbeta_est                       0x0800445d   Thumb Code    16  mc_state_observer.o(i.STO_Get_wIbeta_est)
    STO_Init                                 0x08004471   Thumb Code    38  mc_state_observer.o(i.STO_Init)
    STO_InitSpeedBuffer                      0x080044a1   Thumb Code    18  mc_state_observer.o(i.STO_InitSpeedBuffer)
    STO_IsSpeed_Reliable                     0x080044bd   Thumb Code     6  mc_state_observer.o(i.STO_IsSpeed_Reliable)
    STO_Obs_Gains_Update                     0x080044c9   Thumb Code    86  mc_state_observer_interface.o(i.STO_Obs_Gains_Update)
    STO_StartUp_Init                         0x08004531   Thumb Code    16  mc_state_observer_interface.o(i.STO_StartUp_Init)
    STO_Start_Up                             0x08004545   Thumb Code   334  mc_state_observer_interface.o(i.STO_Start_Up)
    STO_StateObserverInterface_Init          0x080046d1   Thumb Code   202  mc_state_observer_interface.o(i.STO_StateObserverInterface_Init)
    SVCHandler                               0x080047b5   Thumb Code     2  stm32f10x_it.o(i.SVCHandler)
    SVPWMEOCEvent                            0x080047b9   Thumb Code    56  stm32f10x_svpwm_3shunt.o(i.SVPWMEOCEvent)
    SVPWMUpdateEvent                         0x08004809   Thumb Code    18  stm32f10x_svpwm_3shunt.o(i.SVPWMUpdateEvent)
    SVPWM_3ShuntAdvCurrentReading            0x08004825   Thumb Code    68  stm32f10x_svpwm_3shunt.o(i.SVPWM_3ShuntAdvCurrentReading)
    SVPWM_3ShuntCalcDutyCycles               0x08004871   Thumb Code   836  stm32f10x_svpwm_3shunt.o(i.SVPWM_3ShuntCalcDutyCycles)
    SVPWM_3ShuntCurrentReadingCalibration    0x08004bd9   Thumb Code   298  stm32f10x_svpwm_3shunt.o(i.SVPWM_3ShuntCurrentReadingCalibration)
    SVPWM_3ShuntGetPhaseCurrentValues        0x08004d15   Thumb Code   270  stm32f10x_svpwm_3shunt.o(i.SVPWM_3ShuntGetPhaseCurrentValues)
    SVPWM_3ShuntInit                         0x08004e35   Thumb Code   770  stm32f10x_svpwm_3shunt.o(i.SVPWM_3ShuntInit)
    Speed_PI                                 0x08005155   Thumb Code   138  mc_state_observer.o(i.Speed_PI)
    SysTickHandler                           0x080051e9   Thumb Code   168  stm32f10x_timebase.o(i.SysTickHandler)
    SysTick_CLKSourceConfig                  0x0800529d   Thumb Code    24  stm32f10x_systick.o(i.SysTick_CLKSourceConfig)
    SysTick_CounterCmd                       0x080052b5   Thumb Code    36  stm32f10x_systick.o(i.SysTick_CounterCmd)
    SysTick_ITConfig                         0x080052d9   Thumb Code    24  stm32f10x_systick.o(i.SysTick_ITConfig)
    SysTick_SetReload                        0x080052f1   Thumb Code     8  stm32f10x_systick.o(i.SysTick_SetReload)
    TAMPER_IRQHandler                        0x080052f9   Thumb Code     2  stm32f10x_it.o(i.TAMPER_IRQHandler)
    TB_DebounceDelay_IsElapsed               0x080052fd   Thumb Code    14  stm32f10x_timebase.o(i.TB_DebounceDelay_IsElapsed)
    TB_Delay_IsElapsed                       0x08005311   Thumb Code    14  stm32f10x_timebase.o(i.TB_Delay_IsElapsed)
    TB_DisplayDelay_IsElapsed                0x08005325   Thumb Code    14  stm32f10x_timebase.o(i.TB_DisplayDelay_IsElapsed)
    TB_Init                                  0x08005339   Thumb Code    42  stm32f10x_timebase.o(i.TB_Init)
    TB_Set_DebounceDelay_500us               0x08005369   Thumb Code     6  stm32f10x_timebase.o(i.TB_Set_DebounceDelay_500us)
    TB_Set_Delay_500us                       0x08005375   Thumb Code     6  stm32f10x_timebase.o(i.TB_Set_Delay_500us)
    TB_Set_DisplayDelay_500us                0x08005381   Thumb Code     6  stm32f10x_timebase.o(i.TB_Set_DisplayDelay_500us)
    TB_Set_StartUp_Timeout                   0x0800538d   Thumb Code    14  stm32f10x_timebase.o(i.TB_Set_StartUp_Timeout)
    TB_StartUp_Timeout_IsElapsed             0x080053a1   Thumb Code    14  stm32f10x_timebase.o(i.TB_StartUp_Timeout_IsElapsed)
    TB_Wait                                  0x080053b5   Thumb Code    12  stm32f10x_timebase.o(i.TB_Wait)
    TIM1_BRK_IRQHandler                      0x08005429   Thumb Code    22  stm32f10x_it.o(i.TIM1_BRK_IRQHandler)
    TIM1_CC_IRQHandler                       0x08005445   Thumb Code     2  stm32f10x_it.o(i.TIM1_CC_IRQHandler)
    TIM1_TRG_COM_IRQHandler                  0x08005447   Thumb Code     2  stm32f10x_it.o(i.TIM1_TRG_COM_IRQHandler)
    TIM1_UP_IRQHandler                       0x08005449   Thumb Code    18  stm32f10x_it.o(i.TIM1_UP_IRQHandler)
    TIM2_IRQHandler                          0x08005461   Thumb Code    30  stm32f10x_encoder.o(i.TIM2_IRQHandler)
    TIM3_IRQHandler                          0x08005485   Thumb Code     2  stm32f10x_it.o(i.TIM3_IRQHandler)
    TIM4_IRQHandler                          0x08005487   Thumb Code     2  stm32f10x_it.o(i.TIM4_IRQHandler)
    TIM5_IRQHandler                          0x08005489   Thumb Code     2  stm32f10x_it.o(i.TIM5_IRQHandler)
    TIM6_IRQHandler                          0x0800548b   Thumb Code     2  stm32f10x_it.o(i.TIM6_IRQHandler)
    TIM7_IRQHandler                          0x0800548d   Thumb Code     2  stm32f10x_it.o(i.TIM7_IRQHandler)
    TIM8_BRK_IRQHandler                      0x0800548f   Thumb Code     2  stm32f10x_it.o(i.TIM8_BRK_IRQHandler)
    TIM8_CC_IRQHandler                       0x08005491   Thumb Code     2  stm32f10x_it.o(i.TIM8_CC_IRQHandler)
    TIM8_TRG_COM_IRQHandler                  0x08005493   Thumb Code     2  stm32f10x_it.o(i.TIM8_TRG_COM_IRQHandler)
    TIM8_UP_IRQHandler                       0x08005495   Thumb Code     2  stm32f10x_it.o(i.TIM8_UP_IRQHandler)
    TIM_BDTRConfig                           0x08005497   Thumb Code    34  stm32f10x_tim.o(i.TIM_BDTRConfig)
    TIM_ClearFlag                            0x080054b9   Thumb Code     6  stm32f10x_tim.o(i.TIM_ClearFlag)
    TIM_ClearITPendingBit                    0x080054bf   Thumb Code     6  stm32f10x_tim.o(i.TIM_ClearITPendingBit)
    TIM_Cmd                                  0x080054c5   Thumb Code    22  stm32f10x_tim.o(i.TIM_Cmd)
    TIM_CtrlPWMOutputs                       0x080054db   Thumb Code    22  stm32f10x_tim.o(i.TIM_CtrlPWMOutputs)
    TIM_DeInit                               0x080054f1   Thumb Code   170  stm32f10x_tim.o(i.TIM_DeInit)
    TIM_EncoderInterfaceConfig               0x080055a5   Thumb Code    50  stm32f10x_tim.o(i.TIM_EncoderInterfaceConfig)
    TIM_GenerateEvent                        0x080055d7   Thumb Code     4  stm32f10x_tim.o(i.TIM_GenerateEvent)
    TIM_GetCounter                           0x080055db   Thumb Code     4  stm32f10x_tim.o(i.TIM_GetCounter)
    TIM_ICInit                               0x080055df   Thumb Code   168  stm32f10x_tim.o(i.TIM_ICInit)
    TIM_ICStructInit                         0x08005687   Thumb Code    16  stm32f10x_tim.o(i.TIM_ICStructInit)
    TIM_ITConfig                             0x08005697   Thumb Code    16  stm32f10x_tim.o(i.TIM_ITConfig)
    TIM_OC1Init                              0x080056a9   Thumb Code    88  stm32f10x_tim.o(i.TIM_OC1Init)
    TIM_OC1PreloadConfig                     0x08005709   Thumb Code    12  stm32f10x_tim.o(i.TIM_OC1PreloadConfig)
    TIM_OC2Init                              0x08005715   Thumb Code   120  stm32f10x_tim.o(i.TIM_OC2Init)
    TIM_OC2PreloadConfig                     0x08005795   Thumb Code    20  stm32f10x_tim.o(i.TIM_OC2PreloadConfig)
    TIM_OC3Init                              0x080057a9   Thumb Code   116  stm32f10x_tim.o(i.TIM_OC3Init)
    TIM_OC3PreloadConfig                     0x08005825   Thumb Code    12  stm32f10x_tim.o(i.TIM_OC3PreloadConfig)
    TIM_OC4Init                              0x08005831   Thumb Code    90  stm32f10x_tim.o(i.TIM_OC4Init)
    TIM_OC4PreloadConfig                     0x08005895   Thumb Code    20  stm32f10x_tim.o(i.TIM_OC4PreloadConfig)
    TIM_OCStructInit                         0x080058a9   Thumb Code    20  stm32f10x_tim.o(i.TIM_OCStructInit)
    TIM_SelectOutputTrigger                  0x080058bd   Thumb Code    16  stm32f10x_tim.o(i.TIM_SelectOutputTrigger)
    TIM_SetCompare3                          0x080058cd   Thumb Code     4  stm32f10x_tim.o(i.TIM_SetCompare3)
    TIM_SetCompare4                          0x080058d1   Thumb Code     6  stm32f10x_tim.o(i.TIM_SetCompare4)
    TIM_SetIC1Prescaler                      0x080058d7   Thumb Code    16  stm32f10x_tim.o(i.TIM_SetIC1Prescaler)
    TIM_SetIC2Prescaler                      0x080058e7   Thumb Code    24  stm32f10x_tim.o(i.TIM_SetIC2Prescaler)
    TIM_SetIC3Prescaler                      0x080058ff   Thumb Code    16  stm32f10x_tim.o(i.TIM_SetIC3Prescaler)
    TIM_SetIC4Prescaler                      0x0800590f   Thumb Code    24  stm32f10x_tim.o(i.TIM_SetIC4Prescaler)
    TIM_TimeBaseInit                         0x08005929   Thumb Code    50  stm32f10x_tim.o(i.TIM_TimeBaseInit)
    TIM_TimeBaseStructInit                   0x08005965   Thumb Code    18  stm32f10x_tim.o(i.TIM_TimeBaseStructInit)
    Trig_Functions                           0x08005979   Thumb Code   112  mc_clarke_park.o(i.Trig_Functions)
    UART4_IRQHandler                         0x080059ed   Thumb Code     2  stm32f10x_it.o(i.UART4_IRQHandler)
    UART5_IRQHandler                         0x080059ef   Thumb Code     2  stm32f10x_it.o(i.UART5_IRQHandler)
    USART1_IRQHandler                        0x080059f1   Thumb Code     2  stm32f10x_it.o(i.USART1_IRQHandler)
    USART2_IRQHandler                        0x080059f3   Thumb Code     2  stm32f10x_it.o(i.USART2_IRQHandler)
    USART3_IRQHandler                        0x080059f5   Thumb Code     2  stm32f10x_it.o(i.USART3_IRQHandler)
    USBWakeUp_IRQHandler                     0x080059f7   Thumb Code     2  stm32f10x_it.o(i.USBWakeUp_IRQHandler)
    USB_HP_CAN_TX_IRQHandler                 0x080059f9   Thumb Code     2  stm32f10x_it.o(i.USB_HP_CAN_TX_IRQHandler)
    USB_LP_CAN_RX0_IRQHandler                0x080059fb   Thumb Code     2  stm32f10x_it.o(i.USB_LP_CAN_RX0_IRQHandler)
    UsageFaultException                      0x080059fd   Thumb Code     2  stm32f10x_it.o(i.UsageFaultException)
    WWDG_IRQHandler                          0x080059ff   Thumb Code     2  stm32f10x_it.o(i.WWDG_IRQHandler)
    __scatterload_copy                       0x08005a01   Thumb Code    14  handlers.o(i.__scatterload_copy)
    __scatterload_null                       0x08005a0f   Thumb Code     2  handlers.o(i.__scatterload_null)
    __scatterload_zeroinit                   0x08005a11   Thumb Code    14  handlers.o(i.__scatterload_zeroinit)
    main                                     0x08005a21   Thumb Code   244  main.o(i.main)
    circle_limit_table                       0x08005b34   Data         140  mc_clarke_park.o(.constdata)
    hSin_Cos_Table                           0x08005bc0   Data         512  mc_clarke_park.o(.constdata)
    ASCII_Table                              0x08005dc0   Data        4560  stm32f10x_lcd.o(.constdata)
    Region$$Table$$Base                      0x080071b8   Number         0  anon$$obj.o(Region$$Table)
    Region$$Table$$Limit                     0x080071d8   Number         0  anon$$obj.o(Region$$Table)
    hFW_V_Ref                                0x20000004   Data           2  mc_foc_drive.o(.data)
    hFW_P_Gain                               0x20000006   Data           2  mc_foc_drive.o(.data)
    hFW_I_Gain                               0x20000008   Data           2  mc_foc_drive.o(.data)
    hVMagn                                   0x2000000a   Data           2  mc_foc_drive.o(.data)
    h_ADCBusvolt                             0x2000001a   Data           2  mc_motorcontrol_layer.o(.data)
    h_ADCTemp                                0x2000001c   Data           2  mc_motorcontrol_layer.o(.data)
    wGlobal_Flags                            0x20000024   Data           4  mc_globals.o(.data)
    Stat_Curr_a_b                            0x20000028   Data           4  mc_globals.o(.data)
    Stat_Curr_alfa_beta                      0x2000002c   Data           4  mc_globals.o(.data)
    Stat_Curr_q_d                            0x20000030   Data           4  mc_globals.o(.data)
    Stat_Volt_q_d                            0x20000034   Data           4  mc_globals.o(.data)
    Stat_Volt_alfa_beta                      0x20000038   Data           4  mc_globals.o(.data)
    State                                    0x2000003c   Data           1  mc_globals.o(.data)
    hFlux_Reference                          0x2000003e   Data           2  mc_globals.o(.data)
    hTorque_Reference                        0x20000040   Data           2  mc_globals.o(.data)
    hSpeed_Reference                         0x20000042   Data           2  mc_globals.o(.data)
    hPLL_P_Gain                              0x20000048   Data           2  mc_state_observer_interface.o(.data)
    hPLL_I_Gain                              0x2000004a   Data           2  mc_state_observer_interface.o(.data)
    wK1_LO                                   0x20000058   Data           4  mc_state_observer_interface.o(.data)
    wK2_LO                                   0x2000005c   Data           4  mc_state_observer_interface.o(.data)
    bMenu_index                              0x2000006b   Data           1  mc_keys.o(.data)
    bPID_Speed_Sampling_Time_500us           0x20000080   Data           1  stm32f10x_timebase.o(.data)
    max_out_var_num                          0x20000094   Data           1  stm32f10x_mcdac.o(.data)
    bChannel_1_variable                      0x20000095   Data           1  stm32f10x_mcdac.o(.data)
    bChannel_2_variable                      0x20000096   Data           1  stm32f10x_mcdac.o(.data)
    OutputVariableNames                      0x20000098   Data          92  stm32f10x_mcdac.o(.data)
    OutputVar                                0x200000f4   Data          23  stm32f10x_mcdac.o(.data)
    PWM4Direction                            0x2000010c   Data           1  stm32f10x_svpwm_3shunt.o(.data)
    bSector                                  0x2000010d   Data           1  stm32f10x_svpwm_3shunt.o(.data)
    hPhaseAOffset                            0x20000110   Data           2  stm32f10x_svpwm_3shunt.o(.data)
    hPhaseBOffset                            0x20000112   Data           2  stm32f10x_svpwm_3shunt.o(.data)
    hPhaseCOffset                            0x20000114   Data           2  stm32f10x_svpwm_3shunt.o(.data)
    PID_Flux_InitStructure                   0x20000174   Data          32  mc_globals.o(.bss)
    PID_Torque_InitStructure                 0x20000194   Data          32  mc_globals.o(.bss)
    PID_Speed_InitStructure                  0x200001b4   Data          32  mc_globals.o(.bss)
    hMeasurementArray                        0x200001e4   Data          46  stm32f10x_mcdac.o(.bss)
    __initial_sp                             0x200006f8   Data           0  stm32f10x_vector.o(STACK)



==============================================================================

Memory Map of the image

  Image Entry point : 0x08000131

  Load Region LR_IROM1 (Base: 0x08000000, Size: 0x0000734c, Max: 0x00020000, ABSOLUTE, COMPRESSED[0x00007264])

    Execution Region ER_IROM1 (Exec base: 0x08000000, Load base: 0x08000000, Size: 0x000071d8, Max: 0x00020000, ABSOLUTE)

    Exec Addr    Load Addr    Size         Type   Attr      Idx    E Section Name        Object

    0x08000000   0x08000000   0x00000130   Data   RO            3    RESET               stm32f10x_vector.o
    0x08000130   0x08000130   0x00000000   Code   RO         4161  * .ARM.Collect$$$$00000000  mc_w.l(entry.o)
    0x08000130   0x08000130   0x00000004   Code   RO         4182    .ARM.Collect$$$$00000001  mc_w.l(entry2.o)
    0x08000134   0x08000134   0x00000004   Code   RO         4185    .ARM.Collect$$$$00000004  mc_w.l(entry5.o)
    0x08000138   0x08000138   0x00000000   Code   RO         4187    .ARM.Collect$$$$00000008  mc_w.l(entry7b.o)
    0x08000138   0x08000138   0x00000000   Code   RO         4189    .ARM.Collect$$$$0000000A  mc_w.l(entry8b.o)
    0x08000138   0x08000138   0x00000008   Code   RO         4190    .ARM.Collect$$$$0000000B  mc_w.l(entry9a.o)
    0x08000140   0x08000140   0x00000004   Code   RO         4197    .ARM.Collect$$$$0000000E  mc_w.l(entry12b.o)
    0x08000144   0x08000144   0x00000000   Code   RO         4192    .ARM.Collect$$$$0000000F  mc_w.l(entry10a.o)
    0x08000144   0x08000144   0x00000000   Code   RO         4194    .ARM.Collect$$$$00000011  mc_w.l(entry11a.o)
    0x08000144   0x08000144   0x00000004   Code   RO         4183    .ARM.Collect$$$$00002712  mc_w.l(entry2.o)
    0x08000148   0x08000148   0x00000008   Code   RO            4    .text               stm32f10x_vector.o
    0x08000150   0x08000150   0x00000062   Code   RO         4164    .text               mc_w.l(ldiv.o)
    0x080001b2   0x080001b2   0x00000024   Code   RO         4168    .text               mc_w.l(memseta.o)
    0x080001d6   0x080001d6   0x000000e4   Code   RO         4172    .text               mf_w.l(dmul.o)
    0x080002ba   0x080002ba   0x000000de   Code   RO         4174    .text               mf_w.l(ddiv.o)
    0x08000398   0x08000398   0x0000002e   Code   RO         4176    .text               mf_w.l(dscalb.o)
    0x080003c6   0x080003c6   0x00000022   Code   RO         4178    .text               mf_w.l(dflti.o)
    0x080003e8   0x080003e8   0x0000003e   Code   RO         4180    .text               mf_w.l(dfixi.o)
    0x08000426   0x08000426   0x00000062   Code   RO         4198    .text               mc_w.l(uldiv.o)
    0x08000488   0x08000488   0x00000020   Code   RO         4200    .text               mc_w.l(llushr.o)
    0x080004a8   0x080004a8   0x00000000   Code   RO         4202    .text               mc_w.l(iusefp.o)
    0x080004a8   0x080004a8   0x000000ba   Code   RO         4203    .text               mf_w.l(depilogue.o)
    0x08000562   0x08000562   0x00000002   PAD
    0x08000564   0x08000564   0x00000024   Code   RO         4205    .text               mc_w.l(init.o)
    0x08000588   0x08000588   0x0000001e   Code   RO         4207    .text               mc_w.l(llshl.o)
    0x080005a6   0x080005a6   0x00000056   Code   RO         4217    .text               mc_w.l(__dczerorl2.o)
    0x080005fc   0x080005fc   0x0000016c   Code   RO           13    i.ADC1_2_IRQHandler  stm32f10x_it.o
    0x08000768   0x08000768   0x00000002   Code   RO           14    i.ADC3_IRQHandler   stm32f10x_it.o
    0x0800076a   0x0800076a   0x00000002   PAD
    0x0800076c   0x0800076c   0x00000010   Code   RO         1715    i.ADC_AnalogWatchdogCmd  stm32f10x_adc.o
    0x0800077c   0x0800077c   0x0000000c   Code   RO         1716    i.ADC_AnalogWatchdogSingleChannelConfig  stm32f10x_adc.o
    0x08000788   0x08000788   0x00000006   Code   RO         1717    i.ADC_AnalogWatchdogThresholdsConfig  stm32f10x_adc.o
    0x0800078e   0x0800078e   0x00000006   Code   RO         1719    i.ADC_ClearFlag     stm32f10x_adc.o
    0x08000794   0x08000794   0x00000014   Code   RO         1721    i.ADC_Cmd           stm32f10x_adc.o
    0x080007a8   0x080007a8   0x0000003c   Code   RO         1723    i.ADC_DeInit        stm32f10x_adc.o
    0x080007e4   0x080007e4   0x00000014   Code   RO         1727    i.ADC_ExternalTrigInjectedConvCmd  stm32f10x_adc.o
    0x080007f8   0x080007f8   0x0000000c   Code   RO         1728    i.ADC_ExternalTrigInjectedConvConfig  stm32f10x_adc.o
    0x08000804   0x08000804   0x0000000e   Code   RO         1729    i.ADC_GetCalibrationStatus  stm32f10x_adc.o
    0x08000812   0x08000812   0x0000000e   Code   RO         1732    i.ADC_GetFlagStatus  stm32f10x_adc.o
    0x08000820   0x08000820   0x0000001c   Code   RO         1733    i.ADC_GetITStatus   stm32f10x_adc.o
    0x0800083c   0x0800083c   0x00000008   Code   RO         1734    i.ADC_GetInjectedConversionValue  stm32f10x_adc.o
    0x08000844   0x08000844   0x00000012   Code   RO         1738    i.ADC_ITConfig      stm32f10x_adc.o
    0x08000856   0x08000856   0x00000002   PAD
    0x08000858   0x08000858   0x00000048   Code   RO         1739    i.ADC_Init          stm32f10x_adc.o
    0x080008a0   0x080008a0   0x0000004a   Code   RO         1740    i.ADC_InjectedChannelConfig  stm32f10x_adc.o
    0x080008ea   0x080008ea   0x00000010   Code   RO         1742    i.ADC_InjectedSequencerLengthConfig  stm32f10x_adc.o
    0x080008fa   0x080008fa   0x00000014   Code   RO         1747    i.ADC_SoftwareStartInjectedConvCmd  stm32f10x_adc.o
    0x0800090e   0x0800090e   0x0000000a   Code   RO         1748    i.ADC_StartCalibration  stm32f10x_adc.o
    0x08000918   0x08000918   0x00000012   Code   RO         1749    i.ADC_StructInit    stm32f10x_adc.o
    0x0800092a   0x0800092a   0x00000002   Code   RO           15    i.BusFaultException  stm32f10x_it.o
    0x0800092c   0x0800092c   0x00000002   Code   RO           16    i.CAN_RX1_IRQHandler  stm32f10x_it.o
    0x0800092e   0x0800092e   0x00000002   Code   RO           17    i.CAN_SCE_IRQHandler  stm32f10x_it.o
    0x08000930   0x08000930   0x00000032   Code   RO          707    i.Clarke            mc_clarke_park.o
    0x08000962   0x08000962   0x00000002   PAD
    0x08000964   0x08000964   0x00000058   Code   RO         1021    i.ComputeVisualization  mc_display.o
    0x080009bc   0x080009bc   0x00000018   Code   RO         4085    i.DBGMCU_Config     stm32f10x_dbgmcu.o
    0x080009d4   0x080009d4   0x00000002   Code   RO           18    i.DMA1_Channel1_IRQHandler  stm32f10x_it.o
    0x080009d6   0x080009d6   0x00000002   Code   RO           19    i.DMA1_Channel2_IRQHandler  stm32f10x_it.o
    0x080009d8   0x080009d8   0x00000002   Code   RO           20    i.DMA1_Channel3_IRQHandler  stm32f10x_it.o
    0x080009da   0x080009da   0x00000002   Code   RO           21    i.DMA1_Channel4_IRQHandler  stm32f10x_it.o
    0x080009dc   0x080009dc   0x00000002   Code   RO           22    i.DMA1_Channel5_IRQHandler  stm32f10x_it.o
    0x080009de   0x080009de   0x00000002   Code   RO           23    i.DMA1_Channel6_IRQHandler  stm32f10x_it.o
    0x080009e0   0x080009e0   0x00000002   Code   RO           24    i.DMA1_Channel7_IRQHandler  stm32f10x_it.o
    0x080009e2   0x080009e2   0x00000002   Code   RO           25    i.DMA2_Channel1_IRQHandler  stm32f10x_it.o
    0x080009e4   0x080009e4   0x00000002   Code   RO           26    i.DMA2_Channel2_IRQHandler  stm32f10x_it.o
    0x080009e6   0x080009e6   0x00000002   Code   RO           27    i.DMA2_Channel3_IRQHandler  stm32f10x_it.o
    0x080009e8   0x080009e8   0x00000002   Code   RO           28    i.DMA2_Channel4_5_IRQHandler  stm32f10x_it.o
    0x080009ea   0x080009ea   0x00000002   Code   RO           29    i.DebugMonitor      stm32f10x_it.o
    0x080009ec   0x080009ec   0x00000094   Code   RO         1022    i.Display_5DigitSignedNumber  mc_display.o
    0x08000a80   0x08000a80   0x00000fc0   Code   RO         1023    i.Display_LCD       mc_display.o
    0x08001a40   0x08001a40   0x00000068   Code   RO         1024    i.Display_Welcome_Message  mc_display.o
    0x08001aa8   0x08001aa8   0x0000009c   Code   RO         1054    i.ENC_Calc_Average_Speed  stm32f10x_encoder.o
    0x08001b44   0x08001b44   0x0000009c   Code   RO         1055    i.ENC_Calc_Rot_Speed  stm32f10x_encoder.o
    0x08001be0   0x08001be0   0x00000024   Code   RO         1056    i.ENC_Clear_Speed_Buffer  stm32f10x_encoder.o
    0x08001c04   0x08001c04   0x00000020   Code   RO         1058    i.ENC_Get_Electrical_Angle  stm32f10x_encoder.o
    0x08001c24   0x08001c24   0x0000000c   Code   RO         1060    i.ENC_Get_Mechanical_Speed  stm32f10x_encoder.o
    0x08001c30   0x08001c30   0x000000c8   Code   RO         1061    i.ENC_Init          stm32f10x_encoder.o
    0x08001cf8   0x08001cf8   0x000000dc   Code   RO         1063    i.ENC_Start_Up      stm32f10x_encoder.o
    0x08001dd4   0x08001dd4   0x00000002   Code   RO           30    i.EXTI0_IRQHandler  stm32f10x_it.o
    0x08001dd6   0x08001dd6   0x00000002   Code   RO           31    i.EXTI15_10_IRQHandler  stm32f10x_it.o
    0x08001dd8   0x08001dd8   0x00000002   Code   RO           32    i.EXTI1_IRQHandler  stm32f10x_it.o
    0x08001dda   0x08001dda   0x00000002   Code   RO           33    i.EXTI2_IRQHandler  stm32f10x_it.o
    0x08001ddc   0x08001ddc   0x00000002   Code   RO           34    i.EXTI3_IRQHandler  stm32f10x_it.o
    0x08001dde   0x08001dde   0x00000002   Code   RO           35    i.EXTI4_IRQHandler  stm32f10x_it.o
    0x08001de0   0x08001de0   0x00000002   Code   RO           36    i.EXTI9_5_IRQHandler  stm32f10x_it.o
    0x08001de2   0x08001de2   0x00000002   Code   RO           37    i.FLASH_IRQHandler  stm32f10x_it.o
    0x08001de4   0x08001de4   0x00000018   Code   RO         2261    i.FLASH_PrefetchBufferCmd  stm32f10x_flash.o
    0x08001dfc   0x08001dfc   0x00000018   Code   RO         2262    i.FLASH_SetLatency  stm32f10x_flash.o
    0x08001e14   0x08001e14   0x000000a4   Code   RO          757    i.FOC_CalcFluxTorqueRef  mc_foc_drive.o
    0x08001eb8   0x08001eb8   0x000000cc   Code   RO         4111    i.FOC_FluxRegulator  MC_FOC_Methods_lib.lib(mc_foc_methods.o)
    0x08001f84   0x08001f84   0x0000005c   Code   RO         4113    i.FOC_FluxRegulator_Init  MC_FOC_Methods_lib.lib(mc_foc_methods.o)
    0x08001fe0   0x08001fe0   0x00000018   Code   RO         4114    i.FOC_FluxRegulator_Update  MC_FOC_Methods_lib.lib(mc_foc_methods.o)
    0x08001ff8   0x08001ff8   0x0000006c   Code   RO          759    i.FOC_Init          mc_foc_drive.o
    0x08002064   0x08002064   0x000000c4   Code   RO          760    i.FOC_Model         mc_foc_drive.o
    0x08002128   0x08002128   0x0000001c   Code   RO          761    i.FOC_TorqueCtrl    mc_foc_drive.o
    0x08002144   0x08002144   0x00000002   Code   RO           38    i.FSMC_IRQHandler   stm32f10x_it.o
    0x08002146   0x08002146   0x00000002   PAD
    0x08002148   0x08002148   0x0000003c   Code   RO          584    i.GPIO_Configuration  main.o
    0x08002184   0x08002184   0x000000a0   Code   RO         2285    i.GPIO_DeInit       stm32f10x_gpio.o
    0x08002224   0x08002224   0x000000a0   Code   RO         2289    i.GPIO_Init         stm32f10x_gpio.o
    0x080022c4   0x080022c4   0x00000010   Code   RO         2290    i.GPIO_PinLockConfig  stm32f10x_gpio.o
    0x080022d4   0x080022d4   0x00000048   Code   RO         2291    i.GPIO_PinRemapConfig  stm32f10x_gpio.o
    0x0800231c   0x0800231c   0x0000000e   Code   RO         2293    i.GPIO_ReadInputDataBit  stm32f10x_gpio.o
    0x0800232a   0x0800232a   0x00000010   Code   RO         2298    i.GPIO_StructInit   stm32f10x_gpio.o
    0x0800233a   0x0800233a   0x0000000a   Code   RO         2300    i.GPIO_WriteBit     stm32f10x_gpio.o
    0x08002344   0x08002344   0x00000002   Code   RO           39    i.HardFaultException  stm32f10x_it.o
    0x08002346   0x08002346   0x00000002   Code   RO           40    i.I2C1_ER_IRQHandler  stm32f10x_it.o
    0x08002348   0x08002348   0x00000002   Code   RO           41    i.I2C1_EV_IRQHandler  stm32f10x_it.o
    0x0800234a   0x0800234a   0x00000002   Code   RO           42    i.I2C2_ER_IRQHandler  stm32f10x_it.o
    0x0800234c   0x0800234c   0x00000002   Code   RO           43    i.I2C2_EV_IRQHandler  stm32f10x_it.o
    0x0800234e   0x0800234e   0x00000002   PAD
    0x08002350   0x08002350   0x00000080   Code   RO          928    i.IsObserverConverged  mc_state_observer_interface.o
    0x080023d0   0x080023d0   0x0000000c   Code   RO          984    i.KEYS_ExportbKey   mc_keys.o
    0x080023dc   0x080023dc   0x00000094   Code   RO          985    i.KEYS_Init         mc_keys.o
    0x08002470   0x08002470   0x000000e8   Code   RO          986    i.KEYS_Read         mc_keys.o
    0x08002558   0x08002558   0x00000594   Code   RO          987    i.KEYS_process      mc_keys.o
    0x08002aec   0x08002aec   0x00000054   Code   RO         1311    i.LCD_Clear         stm32f10x_lcd.o
    0x08002b40   0x08002b40   0x00000020   Code   RO         1312    i.LCD_ClearLine     stm32f10x_lcd.o
    0x08002b60   0x08002b60   0x0000004c   Code   RO         1313    i.LCD_CtrlLinesConfig  stm32f10x_lcd.o
    0x08002bac   0x08002bac   0x00000004   Code   RO         1314    i.LCD_CtrlLinesWrite  stm32f10x_lcd.o
    0x08002bb0   0x08002bb0   0x00000018   Code   RO         1315    i.LCD_DisplayChar   stm32f10x_lcd.o
    0x08002bc8   0x08002bc8   0x0000002e   Code   RO         1318    i.LCD_DisplayStringLine  stm32f10x_lcd.o
    0x08002bf6   0x08002bf6   0x00000002   PAD
    0x08002bf8   0x08002bf8   0x00000078   Code   RO         1319    i.LCD_DrawChar      stm32f10x_lcd.o
    0x08002c70   0x08002c70   0x00000088   Code   RO         1321    i.LCD_DrawLine      stm32f10x_lcd.o
    0x08002cf8   0x08002cf8   0x00000042   Code   RO         1323    i.LCD_DrawRect      stm32f10x_lcd.o
    0x08002d3a   0x08002d3a   0x00000002   PAD
    0x08002d3c   0x08002d3c   0x0000002c   Code   RO         1324    i.LCD_Init          stm32f10x_lcd.o
    0x08002d68   0x08002d68   0x000000c0   Code   RO         1326    i.LCD_ReadReg       stm32f10x_lcd.o
    0x08002e28   0x08002e28   0x000000b8   Code   RO         1327    i.LCD_SPIConfig     stm32f10x_lcd.o
    0x08002ee0   0x08002ee0   0x00000010   Code   RO         1328    i.LCD_SetBackColor  stm32f10x_lcd.o
    0x08002ef0   0x08002ef0   0x0000004c   Code   RO         1329    i.LCD_SetCursor     stm32f10x_lcd.o
    0x08002f3c   0x08002f3c   0x00000010   Code   RO         1331    i.LCD_SetTextColor  stm32f10x_lcd.o
    0x08002f4c   0x08002f4c   0x000004e0   Code   RO         1332    i.LCD_Setup         stm32f10x_lcd.o
    0x0800342c   0x0800342c   0x0000009c   Code   RO         1334    i.LCD_WriteRAM      stm32f10x_lcd.o
    0x080034c8   0x080034c8   0x00000020   Code   RO         1335    i.LCD_WriteRAMWord  stm32f10x_lcd.o
    0x080034e8   0x080034e8   0x00000012   Code   RO         1336    i.LCD_WriteRAM_Prepare  stm32f10x_lcd.o
    0x080034fa   0x080034fa   0x00000002   PAD
    0x080034fc   0x080034fc   0x000000b4   Code   RO         1337    i.LCD_WriteReg      stm32f10x_lcd.o
    0x080035b0   0x080035b0   0x0000004c   Code   RO         1338    i.LCD_WriteRegIndex  stm32f10x_lcd.o
    0x080035fc   0x080035fc   0x00000030   Code   RO         1339    i.LCD_nCS_StartByte  stm32f10x_lcd.o
    0x0800362c   0x0800362c   0x000000a8   Code   RO         1493    i.MCDAC_Init        stm32f10x_mcdac.o
    0x080036d4   0x080036d4   0x00000040   Code   RO         1494    i.MCDAC_Output_Choice  stm32f10x_mcdac.o
    0x08003714   0x08003714   0x00000020   Code   RO         1495    i.MCDAC_Output_Var_Name  stm32f10x_mcdac.o
    0x08003734   0x08003734   0x00000058   Code   RO         1496    i.MCDAC_Update_Output  stm32f10x_mcdac.o
    0x0800378c   0x0800378c   0x0000000c   Code   RO         1497    i.MCDAC_Update_Value  stm32f10x_mcdac.o
    0x08003798   0x08003798   0x00000020   Code   RO          796    i.MCL_Calc_BusVolt  mc_motorcontrol_layer.o
    0x080037b8   0x080037b8   0x00000024   Code   RO          797    i.MCL_ChkPowerStage  mc_motorcontrol_layer.o
    0x080037dc   0x080037dc   0x00000028   Code   RO          798    i.MCL_Chk_BusVolt   mc_motorcontrol_layer.o
    0x08003804   0x08003804   0x00000038   Code   RO          799    i.MCL_Chk_OverTemp  mc_motorcontrol_layer.o
    0x0800383c   0x0800383c   0x000000a0   Code   RO          800    i.MCL_ClearFault    mc_motorcontrol_layer.o
    0x080038dc   0x080038dc   0x0000001c   Code   RO          801    i.MCL_Compute_BusVolt  mc_motorcontrol_layer.o
    0x080038f8   0x080038f8   0x0000001c   Code   RO          802    i.MCL_Compute_Temp  mc_motorcontrol_layer.o
    0x08003914   0x08003914   0x0000000c   Code   RO          803    i.MCL_Get_BusVolt   mc_motorcontrol_layer.o
    0x08003920   0x08003920   0x0000005c   Code   RO          804    i.MCL_Init          mc_motorcontrol_layer.o
    0x0800397c   0x0800397c   0x00000014   Code   RO          805    i.MCL_Init_Arrays   mc_motorcontrol_layer.o
    0x08003990   0x08003990   0x0000001c   Code   RO          806    i.MCL_Reset_PID_IntegralTerms  mc_motorcontrol_layer.o
    0x080039ac   0x080039ac   0x00000044   Code   RO          807    i.MCL_SetFault      mc_motorcontrol_layer.o
    0x080039f0   0x080039f0   0x00000002   Code   RO           44    i.MemManageException  stm32f10x_it.o
    0x080039f2   0x080039f2   0x00000002   Code   RO           45    i.NMIException      stm32f10x_it.o
    0x080039f4   0x080039f4   0x0000000a   Code   RO          585    i.NVIC_Configuration  main.o
    0x080039fe   0x080039fe   0x00000002   PAD
    0x08003a00   0x08003a00   0x0000007c   Code   RO         2663    i.NVIC_Init         stm32f10x_nvic.o
    0x08003a7c   0x08003a7c   0x00000014   Code   RO         2664    i.NVIC_PriorityGroupConfig  stm32f10x_nvic.o
    0x08003a90   0x08003a90   0x00000014   Code   RO         2672    i.NVIC_SetVectorTable  stm32f10x_nvic.o
    0x08003aa4   0x08003aa4   0x0000000c   Code   RO         2673    i.NVIC_StructInit   stm32f10x_nvic.o
    0x08003ab0   0x08003ab0   0x00000050   Code   RO         2675    i.NVIC_SystemHandlerPriorityConfig  stm32f10x_nvic.o
    0x08003b00   0x08003b00   0x000000c8   Code   RO          904    i.PID_Init          mc_pid_regulators.o
    0x08003bc8   0x08003bc8   0x0000008e   Code   RO          905    i.PID_Regulator     mc_pid_regulators.o
    0x08003c56   0x08003c56   0x00000002   Code   RO           46    i.PVD_IRQHandler    stm32f10x_it.o
    0x08003c58   0x08003c58   0x000000cc   Code   RO          708    i.Park              mc_clarke_park.o
    0x08003d24   0x08003d24   0x00000002   Code   RO           47    i.PendSVC           stm32f10x_it.o
    0x08003d26   0x08003d26   0x00000002   PAD
    0x08003d28   0x08003d28   0x00000014   Code   RO         2896    i.RCC_ADCCLKConfig  stm32f10x_rcc.o
    0x08003d3c   0x08003d3c   0x00000018   Code   RO         2897    i.RCC_AHBPeriphClockCmd  stm32f10x_rcc.o
    0x08003d54   0x08003d54   0x00000018   Code   RO         2898    i.RCC_APB1PeriphClockCmd  stm32f10x_rcc.o
    0x08003d6c   0x08003d6c   0x00000018   Code   RO         2899    i.RCC_APB1PeriphResetCmd  stm32f10x_rcc.o
    0x08003d84   0x08003d84   0x00000018   Code   RO         2900    i.RCC_APB2PeriphClockCmd  stm32f10x_rcc.o
    0x08003d9c   0x08003d9c   0x00000018   Code   RO         2901    i.RCC_APB2PeriphResetCmd  stm32f10x_rcc.o
    0x08003db4   0x08003db4   0x00000062   Code   RO          586    i.RCC_Configuration  main.o
    0x08003e16   0x08003e16   0x00000002   PAD
    0x08003e18   0x08003e18   0x0000003c   Code   RO         2907    i.RCC_DeInit        stm32f10x_rcc.o
    0x08003e54   0x08003e54   0x00000030   Code   RO         2909    i.RCC_GetFlagStatus  stm32f10x_rcc.o
    0x08003e84   0x08003e84   0x00000010   Code   RO         2911    i.RCC_GetSYSCLKSource  stm32f10x_rcc.o
    0x08003e94   0x08003e94   0x00000014   Code   RO         2912    i.RCC_HCLKConfig    stm32f10x_rcc.o
    0x08003ea8   0x08003ea8   0x00000034   Code   RO         2913    i.RCC_HSEConfig     stm32f10x_rcc.o
    0x08003edc   0x08003edc   0x00000002   Code   RO           48    i.RCC_IRQHandler    stm32f10x_it.o
    0x08003ede   0x08003ede   0x00000002   PAD
    0x08003ee0   0x08003ee0   0x00000014   Code   RO         2919    i.RCC_PCLK1Config   stm32f10x_rcc.o
    0x08003ef4   0x08003ef4   0x00000014   Code   RO         2920    i.RCC_PCLK2Config   stm32f10x_rcc.o
    0x08003f08   0x08003f08   0x0000000c   Code   RO         2921    i.RCC_PLLCmd        stm32f10x_rcc.o
    0x08003f14   0x08003f14   0x00000014   Code   RO         2922    i.RCC_PLLConfig     stm32f10x_rcc.o
    0x08003f28   0x08003f28   0x00000014   Code   RO         2925    i.RCC_SYSCLKConfig  stm32f10x_rcc.o
    0x08003f3c   0x08003f3c   0x00000034   Code   RO         2927    i.RCC_WaitForHSEStartUp  stm32f10x_rcc.o
    0x08003f70   0x08003f70   0x00000002   Code   RO           49    i.RTCAlarm_IRQHandler  stm32f10x_it.o
    0x08003f72   0x08003f72   0x00000002   Code   RO           50    i.RTC_IRQHandler    stm32f10x_it.o
    0x08003f74   0x08003f74   0x00000054   Code   RO          709    i.RevPark_Circle_Limitation  mc_clarke_park.o
    0x08003fc8   0x08003fc8   0x00000058   Code   RO          710    i.Rev_Park          mc_clarke_park.o
    0x08004020   0x08004020   0x00000002   Code   RO           51    i.SDIO_IRQHandler   stm32f10x_it.o
    0x08004022   0x08004022   0x00000002   Code   RO           52    i.SPI1_IRQHandler   stm32f10x_it.o
    0x08004024   0x08004024   0x00000002   Code   RO           53    i.SPI2_IRQHandler   stm32f10x_it.o
    0x08004026   0x08004026   0x00000002   Code   RO           54    i.SPI3_IRQHandler   stm32f10x_it.o
    0x08004028   0x08004028   0x00000014   Code   RO         3194    i.SPI_Cmd           stm32f10x_spi.o
    0x0800403c   0x0800403c   0x0000004c   Code   RO         3201    i.SPI_I2S_DeInit    stm32f10x_spi.o
    0x08004088   0x08004088   0x0000000e   Code   RO         3202    i.SPI_I2S_GetFlagStatus  stm32f10x_spi.o
    0x08004096   0x08004096   0x00000004   Code   RO         3205    i.SPI_I2S_ReceiveData  stm32f10x_spi.o
    0x0800409a   0x0800409a   0x00000004   Code   RO         3206    i.SPI_I2S_SendData  stm32f10x_spi.o
    0x0800409e   0x0800409e   0x00000038   Code   RO         3207    i.SPI_Init          stm32f10x_spi.o
    0x080040d6   0x080040d6   0x00000018   Code   RO         3210    i.SPI_StructInit    stm32f10x_spi.o
    0x080040ee   0x080040ee   0x00000002   PAD
    0x080040f0   0x080040f0   0x00000200   Code   RO         4130    i.STO_Calc_Rotor_Angle  MC_State_Observer_lib.lib(mc_state_observer.o)
    0x080042f0   0x080042f0   0x00000090   Code   RO         4131    i.STO_Calc_Speed    MC_State_Observer_lib.lib(mc_state_observer.o)
    0x08004380   0x08004380   0x0000002c   Code   RO          929    i.STO_Check_Speed_Reliability  mc_state_observer_interface.o
    0x080043ac   0x080043ac   0x0000003c   Code   RO         4137    i.STO_Gains_Init    MC_State_Observer_lib.lib(mc_state_observer.o)
    0x080043e8   0x080043e8   0x00000018   Code   RO         4138    i.STO_Gains_Update  MC_State_Observer_lib.lib(mc_state_observer.o)
    0x08004400   0x08004400   0x0000000c   Code   RO         4134    i.STO_Get_Electrical_Angle  MC_State_Observer_lib.lib(mc_state_observer.o)
    0x0800440c   0x0800440c   0x0000000c   Code   RO         4133    i.STO_Get_Speed     MC_State_Observer_lib.lib(mc_state_observer.o)
    0x08004418   0x08004418   0x00000018   Code   RO          931    i.STO_Get_Speed_Hz  mc_state_observer_interface.o
    0x08004430   0x08004430   0x0000000c   Code   RO         4141    i.STO_Get_wBemf_alfa_est  MC_State_Observer_lib.lib(mc_state_observer.o)
    0x0800443c   0x0800443c   0x0000000c   Code   RO         4142    i.STO_Get_wBemf_beta_est  MC_State_Observer_lib.lib(mc_state_observer.o)
    0x08004448   0x08004448   0x00000014   Code   RO         4139    i.STO_Get_wIalfa_est  MC_State_Observer_lib.lib(mc_state_observer.o)
    0x0800445c   0x0800445c   0x00000014   Code   RO         4140    i.STO_Get_wIbeta_est  MC_State_Observer_lib.lib(mc_state_observer.o)
    0x08004470   0x08004470   0x00000030   Code   RO         4136    i.STO_Init          MC_State_Observer_lib.lib(mc_state_observer.o)
    0x080044a0   0x080044a0   0x0000001c   Code   RO         4135    i.STO_InitSpeedBuffer  MC_State_Observer_lib.lib(mc_state_observer.o)
    0x080044bc   0x080044bc   0x0000000c   Code   RO         4132    i.STO_IsSpeed_Reliable  MC_State_Observer_lib.lib(mc_state_observer.o)
    0x080044c8   0x080044c8   0x00000068   Code   RO          932    i.STO_Obs_Gains_Update  mc_state_observer_interface.o
    0x08004530   0x08004530   0x00000014   Code   RO          933    i.STO_StartUp_Init  mc_state_observer_interface.o
    0x08004544   0x08004544   0x0000018c   Code   RO          934    i.STO_Start_Up      mc_state_observer_interface.o
    0x080046d0   0x080046d0   0x000000e4   Code   RO          935    i.STO_StateObserverInterface_Init  mc_state_observer_interface.o
    0x080047b4   0x080047b4   0x00000002   Code   RO           55    i.SVCHandler        stm32f10x_it.o
    0x080047b6   0x080047b6   0x00000002   PAD
    0x080047b8   0x080047b8   0x00000050   Code   RO         1534    i.SVPWMEOCEvent     stm32f10x_svpwm_3shunt.o
    0x08004808   0x08004808   0x0000001c   Code   RO         1535    i.SVPWMUpdateEvent  stm32f10x_svpwm_3shunt.o
    0x08004824   0x08004824   0x0000004c   Code   RO         1536    i.SVPWM_3ShuntAdvCurrentReading  stm32f10x_svpwm_3shunt.o
    0x08004870   0x08004870   0x00000368   Code   RO         1537    i.SVPWM_3ShuntCalcDutyCycles  stm32f10x_svpwm_3shunt.o
    0x08004bd8   0x08004bd8   0x0000013c   Code   RO         1538    i.SVPWM_3ShuntCurrentReadingCalibration  stm32f10x_svpwm_3shunt.o
    0x08004d14   0x08004d14   0x00000120   Code   RO         1539    i.SVPWM_3ShuntGetPhaseCurrentValues  stm32f10x_svpwm_3shunt.o
    0x08004e34   0x08004e34   0x00000320   Code   RO         1540    i.SVPWM_3ShuntInit  stm32f10x_svpwm_3shunt.o
    0x08005154   0x08005154   0x00000094   Code   RO         4128    i.Speed_PI          MC_State_Observer_lib.lib(mc_state_observer.o)
    0x080051e8   0x080051e8   0x000000b4   Code   RO         1236    i.SysTickHandler    stm32f10x_timebase.o
    0x0800529c   0x0800529c   0x00000018   Code   RO         3336    i.SysTick_CLKSourceConfig  stm32f10x_systick.o
    0x080052b4   0x080052b4   0x00000024   Code   RO         3337    i.SysTick_CounterCmd  stm32f10x_systick.o
    0x080052d8   0x080052d8   0x00000018   Code   RO         3340    i.SysTick_ITConfig  stm32f10x_systick.o
    0x080052f0   0x080052f0   0x00000008   Code   RO         3341    i.SysTick_SetReload  stm32f10x_systick.o
    0x080052f8   0x080052f8   0x00000002   Code   RO           56    i.TAMPER_IRQHandler  stm32f10x_it.o
    0x080052fa   0x080052fa   0x00000002   PAD
    0x080052fc   0x080052fc   0x00000014   Code   RO         1237    i.TB_DebounceDelay_IsElapsed  stm32f10x_timebase.o
    0x08005310   0x08005310   0x00000014   Code   RO         1238    i.TB_Delay_IsElapsed  stm32f10x_timebase.o
    0x08005324   0x08005324   0x00000014   Code   RO         1239    i.TB_DisplayDelay_IsElapsed  stm32f10x_timebase.o
    0x08005338   0x08005338   0x00000030   Code   RO         1240    i.TB_Init           stm32f10x_timebase.o
    0x08005368   0x08005368   0x0000000c   Code   RO         1241    i.TB_Set_DebounceDelay_500us  stm32f10x_timebase.o
    0x08005374   0x08005374   0x0000000c   Code   RO         1242    i.TB_Set_Delay_500us  stm32f10x_timebase.o
    0x08005380   0x08005380   0x0000000c   Code   RO         1243    i.TB_Set_DisplayDelay_500us  stm32f10x_timebase.o
    0x0800538c   0x0800538c   0x00000014   Code   RO         1244    i.TB_Set_StartUp_Timeout  stm32f10x_timebase.o
    0x080053a0   0x080053a0   0x00000014   Code   RO         1245    i.TB_StartUp_Timeout_IsElapsed  stm32f10x_timebase.o
    0x080053b4   0x080053b4   0x00000010   Code   RO         1246    i.TB_Wait           stm32f10x_timebase.o
    0x080053c4   0x080053c4   0x0000002e   Code   RO         3378    i.TI1_Config        stm32f10x_tim.o
    0x080053f2   0x080053f2   0x00000036   Code   RO         3379    i.TI2_Config        stm32f10x_tim.o
    0x08005428   0x08005428   0x0000001c   Code   RO           57    i.TIM1_BRK_IRQHandler  stm32f10x_it.o
    0x08005444   0x08005444   0x00000002   Code   RO           58    i.TIM1_CC_IRQHandler  stm32f10x_it.o
    0x08005446   0x08005446   0x00000002   Code   RO           59    i.TIM1_TRG_COM_IRQHandler  stm32f10x_it.o
    0x08005448   0x08005448   0x00000018   Code   RO           60    i.TIM1_UP_IRQHandler  stm32f10x_it.o
    0x08005460   0x08005460   0x00000024   Code   RO         1064    i.TIM2_IRQHandler   stm32f10x_encoder.o
    0x08005484   0x08005484   0x00000002   Code   RO           61    i.TIM3_IRQHandler   stm32f10x_it.o
    0x08005486   0x08005486   0x00000002   Code   RO           62    i.TIM4_IRQHandler   stm32f10x_it.o
    0x08005488   0x08005488   0x00000002   Code   RO           63    i.TIM5_IRQHandler   stm32f10x_it.o
    0x0800548a   0x0800548a   0x00000002   Code   RO           64    i.TIM6_IRQHandler   stm32f10x_it.o
    0x0800548c   0x0800548c   0x00000002   Code   RO           65    i.TIM7_IRQHandler   stm32f10x_it.o
    0x0800548e   0x0800548e   0x00000002   Code   RO           66    i.TIM8_BRK_IRQHandler  stm32f10x_it.o
    0x08005490   0x08005490   0x00000002   Code   RO           67    i.TIM8_CC_IRQHandler  stm32f10x_it.o
    0x08005492   0x08005492   0x00000002   Code   RO           68    i.TIM8_TRG_COM_IRQHandler  stm32f10x_it.o
    0x08005494   0x08005494   0x00000002   Code   RO           69    i.TIM8_UP_IRQHandler  stm32f10x_it.o
    0x08005496   0x08005496   0x00000022   Code   RO         3381    i.TIM_BDTRConfig    stm32f10x_tim.o
    0x080054b8   0x080054b8   0x00000006   Code   RO         3386    i.TIM_ClearFlag     stm32f10x_tim.o
    0x080054be   0x080054be   0x00000006   Code   RO         3387    i.TIM_ClearITPendingBit  stm32f10x_tim.o
    0x080054c4   0x080054c4   0x00000016   Code   RO         3392    i.TIM_Cmd           stm32f10x_tim.o
    0x080054da   0x080054da   0x00000016   Code   RO         3394    i.TIM_CtrlPWMOutputs  stm32f10x_tim.o
    0x080054f0   0x080054f0   0x000000b4   Code   RO         3397    i.TIM_DeInit        stm32f10x_tim.o
    0x080055a4   0x080055a4   0x00000032   Code   RO         3401    i.TIM_EncoderInterfaceConfig  stm32f10x_tim.o
    0x080055d6   0x080055d6   0x00000004   Code   RO         3406    i.TIM_GenerateEvent  stm32f10x_tim.o
    0x080055da   0x080055da   0x00000004   Code   RO         3411    i.TIM_GetCounter    stm32f10x_tim.o
    0x080055de   0x080055de   0x000000a8   Code   RO         3415    i.TIM_ICInit        stm32f10x_tim.o
    0x08005686   0x08005686   0x00000010   Code   RO         3416    i.TIM_ICStructInit  stm32f10x_tim.o
    0x08005696   0x08005696   0x00000010   Code   RO         3417    i.TIM_ITConfig      stm32f10x_tim.o
    0x080056a6   0x080056a6   0x00000002   PAD
    0x080056a8   0x080056a8   0x00000060   Code   RO         3421    i.TIM_OC1Init       stm32f10x_tim.o
    0x08005708   0x08005708   0x0000000c   Code   RO         3424    i.TIM_OC1PreloadConfig  stm32f10x_tim.o
    0x08005714   0x08005714   0x00000080   Code   RO         3426    i.TIM_OC2Init       stm32f10x_tim.o
    0x08005794   0x08005794   0x00000014   Code   RO         3429    i.TIM_OC2PreloadConfig  stm32f10x_tim.o
    0x080057a8   0x080057a8   0x0000007c   Code   RO         3431    i.TIM_OC3Init       stm32f10x_tim.o
    0x08005824   0x08005824   0x0000000c   Code   RO         3434    i.TIM_OC3PreloadConfig  stm32f10x_tim.o
    0x08005830   0x08005830   0x00000064   Code   RO         3436    i.TIM_OC4Init       stm32f10x_tim.o
    0x08005894   0x08005894   0x00000014   Code   RO         3438    i.TIM_OC4PreloadConfig  stm32f10x_tim.o
    0x080058a8   0x080058a8   0x00000014   Code   RO         3439    i.TIM_OCStructInit  stm32f10x_tim.o
    0x080058bc   0x080058bc   0x00000010   Code   RO         3449    i.TIM_SelectOutputTrigger  stm32f10x_tim.o
    0x080058cc   0x080058cc   0x00000004   Code   RO         3455    i.TIM_SetCompare3   stm32f10x_tim.o
    0x080058d0   0x080058d0   0x00000006   Code   RO         3456    i.TIM_SetCompare4   stm32f10x_tim.o
    0x080058d6   0x080058d6   0x00000010   Code   RO         3458    i.TIM_SetIC1Prescaler  stm32f10x_tim.o
    0x080058e6   0x080058e6   0x00000018   Code   RO         3459    i.TIM_SetIC2Prescaler  stm32f10x_tim.o
    0x080058fe   0x080058fe   0x00000010   Code   RO         3460    i.TIM_SetIC3Prescaler  stm32f10x_tim.o
    0x0800590e   0x0800590e   0x00000018   Code   RO         3461    i.TIM_SetIC4Prescaler  stm32f10x_tim.o
    0x08005926   0x08005926   0x00000002   PAD
    0x08005928   0x08005928   0x0000003c   Code   RO         3463    i.TIM_TimeBaseInit  stm32f10x_tim.o
    0x08005964   0x08005964   0x00000012   Code   RO         3464    i.TIM_TimeBaseStructInit  stm32f10x_tim.o
    0x08005976   0x08005976   0x00000002   PAD
    0x08005978   0x08005978   0x00000074   Code   RO          711    i.Trig_Functions    mc_clarke_park.o
    0x080059ec   0x080059ec   0x00000002   Code   RO           70    i.UART4_IRQHandler  stm32f10x_it.o
    0x080059ee   0x080059ee   0x00000002   Code   RO           71    i.UART5_IRQHandler  stm32f10x_it.o
    0x080059f0   0x080059f0   0x00000002   Code   RO           72    i.USART1_IRQHandler  stm32f10x_it.o
    0x080059f2   0x080059f2   0x00000002   Code   RO           73    i.USART2_IRQHandler  stm32f10x_it.o
    0x080059f4   0x080059f4   0x00000002   Code   RO           74    i.USART3_IRQHandler  stm32f10x_it.o
    0x080059f6   0x080059f6   0x00000002   Code   RO           75    i.USBWakeUp_IRQHandler  stm32f10x_it.o
    0x080059f8   0x080059f8   0x00000002   Code   RO           76    i.USB_HP_CAN_TX_IRQHandler  stm32f10x_it.o
    0x080059fa   0x080059fa   0x00000002   Code   RO           77    i.USB_LP_CAN_RX0_IRQHandler  stm32f10x_it.o
    0x080059fc   0x080059fc   0x00000002   Code   RO           78    i.UsageFaultException  stm32f10x_it.o
    0x080059fe   0x080059fe   0x00000002   Code   RO           79    i.WWDG_IRQHandler   stm32f10x_it.o
    0x08005a00   0x08005a00   0x0000000e   Code   RO         4211    i.__scatterload_copy  mc_w.l(handlers.o)
    0x08005a0e   0x08005a0e   0x00000002   Code   RO         4212    i.__scatterload_null  mc_w.l(handlers.o)
    0x08005a10   0x08005a10   0x0000000e   Code   RO         4213    i.__scatterload_zeroinit  mc_w.l(handlers.o)
    0x08005a1e   0x08005a1e   0x00000002   PAD
    0x08005a20   0x08005a20   0x00000114   Code   RO          587    i.main              main.o
    0x08005b34   0x08005b34   0x0000028c   Data   RO          712    .constdata          mc_clarke_park.o
    0x08005dc0   0x08005dc0   0x000011d0   Data   RO         1340    .constdata          stm32f10x_lcd.o
    0x08006f90   0x08006f90   0x00000225   Data   RO         1499    .conststring        stm32f10x_mcdac.o
    0x080071b5   0x080071b5   0x00000003   PAD
    0x080071b8   0x080071b8   0x00000020   Data   RO         4209    Region$$Table       anon$$obj.o


    Execution Region RW_IRAM1 (Exec base: 0x20000000, Load base: 0x080071d8, Size: 0x000006f8, Max: 0x00005000, ABSOLUTE, COMPRESSED[0x0000008c])

    Exec Addr    Load Addr    Size         Type   Attr      Idx    E Section Name        Object

    0x20000000   COMPRESSED   0x00000004   Data   RW          713    .data               mc_clarke_park.o
    0x20000004   COMPRESSED   0x00000014   Data   RW          762    .data               mc_foc_drive.o
    0x20000018   COMPRESSED   0x0000000c   Data   RW          808    .data               mc_motorcontrol_layer.o
    0x20000024   COMPRESSED   0x00000004   Data   RW          882    .data               mc_globals.o
    0x20000028   COMPRESSED   0x00000004   Data   RW          883    .data               mc_globals.o
    0x2000002c   COMPRESSED   0x00000004   Data   RW          884    .data               mc_globals.o
    0x20000030   COMPRESSED   0x00000004   Data   RW          885    .data               mc_globals.o
    0x20000034   COMPRESSED   0x00000004   Data   RW          887    .data               mc_globals.o
    0x20000038   COMPRESSED   0x00000004   Data   RW          888    .data               mc_globals.o
    0x2000003c   COMPRESSED   0x00000001   Data   RW          889    .data               mc_globals.o
    0x2000003d   COMPRESSED   0x00000001   PAD
    0x2000003e   COMPRESSED   0x00000002   Data   RW          890    .data               mc_globals.o
    0x20000040   COMPRESSED   0x00000002   Data   RW          891    .data               mc_globals.o
    0x20000042   COMPRESSED   0x00000002   Data   RW          892    .data               mc_globals.o
    0x20000044   COMPRESSED   0x00000024   Data   RW          936    .data               mc_state_observer_interface.o
    0x20000068   COMPRESSED   0x00000004   Data   RW          988    .data               mc_keys.o
    0x2000006c   COMPRESSED   0x00000002   Data   RW         1025    .data               mc_display.o
    0x2000006e   COMPRESSED   0x00000002   PAD
    0x20000070   COMPRESSED   0x00000010   Data   RW         1066    .data               stm32f10x_encoder.o
    0x20000080   COMPRESSED   0x0000000c   Data   RW         1247    .data               stm32f10x_timebase.o
    0x2000008c   COMPRESSED   0x00000008   Data   RW         1341    .data               stm32f10x_lcd.o
    0x20000094   COMPRESSED   0x00000077   Data   RW         1500    .data               stm32f10x_mcdac.o
    0x2000010b   COMPRESSED   0x00000001   PAD
    0x2000010c   COMPRESSED   0x0000000a   Data   RW         1542    .data               stm32f10x_svpwm_3shunt.o
    0x20000116   COMPRESSED   0x00000002   PAD
    0x20000118   COMPRESSED   0x00000008   Data   RW         2929    .data               stm32f10x_rcc.o
    0x20000120   COMPRESSED   0x00000018   Data   RW         4117    .data               MC_FOC_Methods_lib.lib(mc_foc_methods.o)
    0x20000138   COMPRESSED   0x0000003c   Data   RW         4143    .data               MC_State_Observer_lib.lib(mc_state_observer.o)
    0x20000174        -       0x00000020   Zero   RW          879    .bss                mc_globals.o
    0x20000194        -       0x00000020   Zero   RW          880    .bss                mc_globals.o
    0x200001b4        -       0x00000020   Zero   RW          881    .bss                mc_globals.o
    0x200001d4        -       0x00000010   Zero   RW         1065    .bss                stm32f10x_encoder.o
    0x200001e4        -       0x0000002e   Zero   RW         1498    .bss                stm32f10x_mcdac.o
    0x20000212   COMPRESSED   0x00000002   PAD
    0x20000214        -       0x00000064   Zero   RW         4118    .bss                MC_FOC_Methods_lib.lib(mc_foc_methods.o)
    0x20000278        -       0x00000080   Zero   RW         4144    .bss                MC_State_Observer_lib.lib(mc_state_observer.o)
    0x200002f8        -       0x00000400   Zero   RW            1    STACK               stm32f10x_vector.o


==============================================================================

Image component sizes


      Code (inc. data)   RO Data    RW Data    ZI Data      Debug   Object Name

       444         46          0          0          0      70721   main.o
       542         32        652          4          0       5996   mc_clarke_park.o
      4372       1284          0          2          0       6407   mc_display.o
       496         76          0         20          0       3567   mc_foc_drive.o
         0          0          0         31         96       1377   mc_globals.o
      1820        276          0          4          0       4339   mc_keys.o
       600         94          0         12          0       7969   mc_motorcontrol_layer.o
       342         20          0          0          0       2371   mc_pid_regulators.o
       944        126          0         36          0       6280   mc_state_observer_interface.o
       444         18          0          0          0      22734   stm32f10x_adc.o
        24          6          0          0          0        612   stm32f10x_dbgmcu.o
       848         92          0         16         16       6686   stm32f10x_encoder.o
        48         12          0          0          0       1133   stm32f10x_flash.o
       448         14          0          0          0      12143   stm32f10x_gpio.o
       544         54          0          0          0      32337   stm32f10x_it.o
      2874        170       4560          8          0      15457   stm32f10x_lcd.o
       364         36        549        119         46       4068   stm32f10x_mcdac.o
       256         30          0          0          0      11538   stm32f10x_nvic.o
       480        100          0          8          0      20415   stm32f10x_rcc.o
       198          4          0          0          0      11852   stm32f10x_spi.o
      2460        160          0         10          0       8442   stm32f10x_svpwm_3shunt.o
        92          0          0          0          0       2338   stm32f10x_systick.o
      1344         54          0          0          0      46070   stm32f10x_tim.o
       380         70          0         12          0       7250   stm32f10x_timebase.o
         8          4        304          0       1024        408   stm32f10x_vector.o

    ----------------------------------------------------------------------
     20408       2778       6100        288       1184     312510   Object Totals
         0          0         32          0          0          0   (incl. Generated)
        36          0          3          6          2          0   (incl. Padding)

    ----------------------------------------------------------------------

      Code (inc. data)   RO Data    RW Data    ZI Data      Debug   Library Member Name

       320         28          0         24        100        224   mc_foc_methods.o
      1064         86          0         60        128        992   mc_state_observer.o
        86          0          0          0          0          0   __dczerorl2.o
         0          0          0          0          0          0   entry.o
         0          0          0          0          0          0   entry10a.o
         0          0          0          0          0          0   entry11a.o
         4          0          0          0          0          0   entry12b.o
         8          4          0          0          0          0   entry2.o
         4          0          0          0          0          0   entry5.o
         0          0          0          0          0          0   entry7b.o
         0          0          0          0          0          0   entry8b.o
         8          4          0          0          0          0   entry9a.o
        30          0          0          0          0          0   handlers.o
        36          8          0          0          0         68   init.o
         0          0          0          0          0          0   iusefp.o
        98          0          0          0          0         84   ldiv.o
        30          0          0          0          0         68   llshl.o
        32          0          0          0          0         68   llushr.o
        36          0          0          0          0        108   memseta.o
        98          0          0          0          0         92   uldiv.o
       222          0          0          0          0        100   ddiv.o
       186          0          0          0          0        176   depilogue.o
        62          0          0          0          0         80   dfixi.o
        34          0          0          0          0         76   dflti.o
       228          0          0          0          0         96   dmul.o
        46          0          0          0          0         80   dscalb.o

    ----------------------------------------------------------------------
      2636        130          0         84        228       2312   Library Totals
         4          0          0          0          0          0   (incl. Padding)

    ----------------------------------------------------------------------

      Code (inc. data)   RO Data    RW Data    ZI Data      Debug   Library Name

       320         28          0         24        100        224   MC_FOC_Methods_lib.lib
      1064         86          0         60        128        992   MC_State_Observer_lib.lib
       470         16          0          0          0        488   mc_w.l
       778          0          0          0          0        608   mf_w.l

    ----------------------------------------------------------------------
      2636        130          0         84        228       2312   Library Totals

    ----------------------------------------------------------------------

==============================================================================


      Code (inc. data)   RO Data    RW Data    ZI Data      Debug   

     23044       2908       6100        372       1412     300832   Grand Totals
     23044       2908       6100        140       1412     300832   ELF Image Totals (compressed)
     23044       2908       6100        140          0          0   ROM Totals

==============================================================================

    Total RO  Size (Code + RO Data)                29144 (  28.46kB)
    Total RW  Size (RW Data + ZI Data)              1784 (   1.74kB)
    Total ROM Size (Code + RO Data + RW Data)      29284 (  28.60kB)

==============================================================================

